Archive member included to satisfy reference by file (symbol)

/usr/lib/gcc/arm-none-eabi/9.2.1/thumb/v6-m/nofp/libgcc.a(_dvmd_tls.o)
                              CMakeFiles/tinyusb_dev_hid_composite.dir/home/kang/tmp/pico/pico-sdk/src/rp2_common/pico_divider/divider.S.obj (__aeabi_idiv0)
/usr/lib/gcc/arm-none-eabi/9.2.1/../../../arm-none-eabi/lib/thumb/v6-m/nofp/libc.a(lib_a-atexit.o)
                              /usr/lib/gcc/arm-none-eabi/9.2.1/../../../arm-none-eabi/lib/thumb/v6-m/nofp/crt0.o (atexit)
/usr/lib/gcc/arm-none-eabi/9.2.1/../../../arm-none-eabi/lib/thumb/v6-m/nofp/libc.a(lib_a-calloc.o)
                              CMakeFiles/tinyusb_dev_hid_composite.dir/home/kang/tmp/pico/pico-sdk/src/rp2_common/pico_malloc/pico_malloc.c.obj (calloc)
/usr/lib/gcc/arm-none-eabi/9.2.1/../../../arm-none-eabi/lib/thumb/v6-m/nofp/libc.a(lib_a-callocr.o)
                              /usr/lib/gcc/arm-none-eabi/9.2.1/../../../arm-none-eabi/lib/thumb/v6-m/nofp/libc.a(lib_a-calloc.o) (_calloc_r)
/usr/lib/gcc/arm-none-eabi/9.2.1/../../../arm-none-eabi/lib/thumb/v6-m/nofp/libc.a(lib_a-fini.o)
                              /usr/lib/gcc/arm-none-eabi/9.2.1/../../../arm-none-eabi/lib/thumb/v6-m/nofp/crt0.o (__libc_fini_array)
/usr/lib/gcc/arm-none-eabi/9.2.1/../../../arm-none-eabi/lib/thumb/v6-m/nofp/libc.a(lib_a-impure.o)
                              /usr/lib/gcc/arm-none-eabi/9.2.1/../../../arm-none-eabi/lib/thumb/v6-m/nofp/libc.a(lib_a-calloc.o) (_impure_ptr)
/usr/lib/gcc/arm-none-eabi/9.2.1/../../../arm-none-eabi/lib/thumb/v6-m/nofp/libc.a(lib_a-init.o)
                              /usr/lib/gcc/arm-none-eabi/9.2.1/../../../arm-none-eabi/lib/thumb/v6-m/nofp/crt0.o (__libc_init_array)
/usr/lib/gcc/arm-none-eabi/9.2.1/../../../arm-none-eabi/lib/thumb/v6-m/nofp/libc.a(lib_a-malloc.o)
                              CMakeFiles/tinyusb_dev_hid_composite.dir/home/kang/tmp/pico/pico-sdk/src/rp2_common/pico_malloc/pico_malloc.c.obj (malloc)
/usr/lib/gcc/arm-none-eabi/9.2.1/../../../arm-none-eabi/lib/thumb/v6-m/nofp/libc.a(lib_a-mallocr.o)
                              /usr/lib/gcc/arm-none-eabi/9.2.1/../../../arm-none-eabi/lib/thumb/v6-m/nofp/libc.a(lib_a-callocr.o) (_malloc_r)
/usr/lib/gcc/arm-none-eabi/9.2.1/../../../arm-none-eabi/lib/thumb/v6-m/nofp/libc.a(lib_a-mlock.o)
                              /usr/lib/gcc/arm-none-eabi/9.2.1/../../../arm-none-eabi/lib/thumb/v6-m/nofp/libc.a(lib_a-mallocr.o) (__malloc_lock)
/usr/lib/gcc/arm-none-eabi/9.2.1/../../../arm-none-eabi/lib/thumb/v6-m/nofp/libc.a(lib_a-sbrkr.o)
                              /usr/lib/gcc/arm-none-eabi/9.2.1/../../../arm-none-eabi/lib/thumb/v6-m/nofp/libc.a(lib_a-mallocr.o) (_sbrk_r)
/usr/lib/gcc/arm-none-eabi/9.2.1/../../../arm-none-eabi/lib/thumb/v6-m/nofp/libc.a(lib_a-strlen-stub.o)
                              CMakeFiles/tinyusb_dev_hid_composite.dir/src/main.c.obj (strlen)
/usr/lib/gcc/arm-none-eabi/9.2.1/../../../arm-none-eabi/lib/thumb/v6-m/nofp/libc.a(lib_a-__atexit.o)
                              /usr/lib/gcc/arm-none-eabi/9.2.1/../../../arm-none-eabi/lib/thumb/v6-m/nofp/libc.a(lib_a-atexit.o) (__register_exitproc)
/usr/lib/gcc/arm-none-eabi/9.2.1/../../../arm-none-eabi/lib/thumb/v6-m/nofp/libc.a(lib_a-freer.o)
                              /usr/lib/gcc/arm-none-eabi/9.2.1/../../../arm-none-eabi/lib/thumb/v6-m/nofp/libc.a(lib_a-malloc.o) (_free_r)
/usr/lib/gcc/arm-none-eabi/9.2.1/../../../arm-none-eabi/lib/thumb/v6-m/nofp/libc.a(lib_a-reent.o)
                              /usr/lib/gcc/arm-none-eabi/9.2.1/../../../arm-none-eabi/lib/thumb/v6-m/nofp/libc.a(lib_a-sbrkr.o) (errno)

Allocating common symbols
Common symbol       size              file

sf_table            0x100             CMakeFiles/tinyusb_dev_hid_composite.dir/home/kang/tmp/pico/pico-sdk/src/rp2_common/pico_float/float_init_rom.c.obj
errno               0x4               /usr/lib/gcc/arm-none-eabi/9.2.1/../../../arm-none-eabi/lib/thumb/v6-m/nofp/libc.a(lib_a-reent.o)
_usbd_qdef_buf      0xc0              CMakeFiles/tinyusb_dev_hid_composite.dir/home/kang/tmp/pico/pico-sdk/lib/tinyusb/src/device/usbd.c.obj
sf_clz_func         0x4               CMakeFiles/tinyusb_dev_hid_composite.dir/home/kang/tmp/pico/pico-sdk/src/rp2_common/pico_float/float_init_rom.c.obj
sd_table            0x100             CMakeFiles/tinyusb_dev_hid_composite.dir/home/kang/tmp/pico/pico-sdk/src/rp2_common/pico_double/double_init_rom.c.obj
uart_char_to_line_feed
                    0x4               CMakeFiles/tinyusb_dev_hid_composite.dir/home/kang/tmp/pico/pico-sdk/src/rp2_common/hardware_uart/uart.c.obj

Discarded input sections

 .text          0x0000000000000000        0x0 /usr/lib/gcc/arm-none-eabi/9.2.1/thumb/v6-m/nofp/crti.o
 .data          0x0000000000000000        0x0 /usr/lib/gcc/arm-none-eabi/9.2.1/thumb/v6-m/nofp/crti.o
 .bss           0x0000000000000000        0x0 /usr/lib/gcc/arm-none-eabi/9.2.1/thumb/v6-m/nofp/crti.o
[...]
Memory Configuration

Name             Origin             Length             Attributes
FLASH            0x0000000010000000 0x0000000000200000 xr
RAM              0x0000000020000000 0x0000000000040000 xrw
SCRATCH_X        0x0000000020040000 0x0000000000001000 xrw
SCRATCH_Y        0x0000000020041000 0x0000000000001000 xrw
*default*        0x0000000000000000 0xffffffffffffffff

Linker script and memory map

LOAD /usr/lib/gcc/arm-none-eabi/9.2.1/thumb/v6-m/nofp/crti.o
LOAD /usr/lib/gcc/arm-none-eabi/9.2.1/thumb/v6-m/nofp/crtbegin.o
LOAD /usr/lib/gcc/arm-none-eabi/9.2.1/../../../arm-none-eabi/lib/thumb/v6-m/nofp/crt0.o

.flash_begin    0x0000000010000000        0x0
                0x0000000010000000                __flash_binary_start = .

.boot2          0x0000000010000000      0x100
                0x0000000010000000                __boot2_start__ = .
 *(.boot2)
 .boot2         0x0000000010000000      0x100 /tmp/ccdEgK8I.o
                0x0000000010000100                __boot2_end__ = .
                0x0000000000000001                ASSERT (((__boot2_end__ - __boot2_start__) == 0x100), ERROR: Pico second stage bootloader must be 256 bytes in size)

.text           0x0000000010000100     0x2ef8
                0x0000000010000100                __logical_binary_start = .
 *(.vectors)
 .vectors       0x0000000010000100       0xd4 CMakeFiles/tinyusb_dev_hid_composite.dir/home/kang/tmp/pico/pico-sdk/src/rp2_common/pico_standard_link/crt0.S.obj
                0x0000000010000100                __vectors
                0x0000000010000100                __VECTOR_TABLE
                0x00000000100001c0                isr_invalid
                0x00000000100001c0                __default_isrs_start
                0x00000000100001c2                isr_nmi
                0x00000000100001c4                isr_hardfault
                0x00000000100001c6                isr_svcall
                0x00000000100001c8                isr_pendsv
                0x00000000100001ca                isr_systick
                0x00000000100001cc                isr_irq30
                0x00000000100001cc                __unhandled_user_irq
                0x00000000100001cc                isr_irq13
                0x00000000100001cc                isr_irq27
                0x00000000100001cc                isr_irq31
                0x00000000100001cc                isr_irq5
                0x00000000100001cc                isr_irq11
                0x00000000100001cc                isr_irq23
                0x00000000100001cc                isr_irq18
                0x00000000100001cc                isr_irq28
                0x00000000100001cc                isr_irq19
                0x00000000100001cc                isr_irq0
                0x00000000100001cc                isr_irq6
                0x00000000100001cc                isr_irq22
                0x00000000100001cc                isr_irq17
                0x00000000100001cc                isr_irq14
                0x00000000100001cc                isr_irq2
                0x00000000100001cc                isr_irq10
                0x00000000100001cc                isr_irq8
                0x00000000100001cc                isr_irq24
                0x00000000100001cc                isr_irq1
                0x00000000100001cc                isr_irq7
                0x00000000100001cc                isr_irq21
                0x00000000100001cc                isr_irq20
                0x00000000100001cc                isr_irq15
                0x00000000100001cc                isr_irq25
                0x00000000100001cc                isr_irq4
                0x00000000100001cc                isr_irq16
                0x00000000100001cc                isr_irq29
                0x00000000100001cc                isr_irq26
                0x00000000100001cc                __default_isrs_end
                0x00000000100001cc                isr_irq3
                0x00000000100001cc                isr_irq12
                0x00000000100001cc                isr_irq9
                0x00000000100001d2                unhandled_user_irq_num_in_r0
 *(.binary_info_header)
 .binary_info_header
                0x00000000100001d4       0x14 CMakeFiles/tinyusb_dev_hid_composite.dir/home/kang/tmp/pico/pico-sdk/src/rp2_common/pico_standard_link/crt0.S.obj
                0x00000000100001e8                __binary_info_header_end = .
 *(.reset)
 .reset         0x00000000100001e8       0xa8 CMakeFiles/tinyusb_dev_hid_composite.dir/home/kang/tmp/pico/pico-sdk/src/rp2_common/pico_standard_link/crt0.S.obj
                0x00000000100001e8                _entry_point
                0x0000000010000266                __get_current_exception
 .reset         0x0000000010000290       0x30 CMakeFiles/tinyusb_dev_hid_composite.dir/home/kang/tmp/pico/pico-sdk/src/rp2_common/pico_standard_link/binary_info.c.obj
 *(.init)
 .init          0x00000000100002c0        0x4 /usr/lib/gcc/arm-none-eabi/9.2.1/thumb/v6-m/nofp/crti.o
                0x00000000100002c0                _init
 *(EXCLUDE_FILE(*libm.a: *libc.a:*lib_a-mem*.o *libgcc.a:) .text*)
 .text          0x00000000100002c4       0x98 /usr/lib/gcc/arm-none-eabi/9.2.1/thumb/v6-m/nofp/crtbegin.o
 .text.startup.main
                0x000000001000035c       0x84 CMakeFiles/tinyusb_dev_hid_composite.dir/src/main.c.obj
                0x000000001000035c                main
 .text.gpio_set_function
                0x00000000100003e0       0x30 CMakeFiles/tinyusb_dev_hid_composite.dir/home/kang/tmp/pico/pico-sdk/src/rp2_common/hardware_gpio/gpio.c.obj
                0x00000000100003e0                gpio_set_function
 .text.gpio_get_function
                0x0000000010000410       0x14 CMakeFiles/tinyusb_dev_hid_composite.dir/home/kang/tmp/pico/pico-sdk/src/rp2_common/hardware_gpio/gpio.c.obj
                0x0000000010000410                gpio_get_function
 .text.gpio_set_pulls
                0x0000000010000424       0x30 CMakeFiles/tinyusb_dev_hid_composite.dir/home/kang/tmp/pico/pico-sdk/src/rp2_common/hardware_gpio/gpio.c.obj
                0x0000000010000424                gpio_set_pulls
 .text.gpio_set_inover
                0x0000000010000454       0x24 CMakeFiles/tinyusb_dev_hid_composite.dir/home/kang/tmp/pico/pico-sdk/src/rp2_common/hardware_gpio/gpio.c.obj
                0x0000000010000454                gpio_set_inover
 .text.gpio_set_oeover
                0x0000000010000478       0x24 CMakeFiles/tinyusb_dev_hid_composite.dir/home/kang/tmp/pico/pico-sdk/src/rp2_common/hardware_gpio/gpio.c.obj
                0x0000000010000478                gpio_set_oeover
 .text.gpio_init
                0x000000001000049c       0x3c CMakeFiles/tinyusb_dev_hid_composite.dir/home/kang/tmp/pico/pico-sdk/src/rp2_common/hardware_gpio/gpio.c.obj
                0x000000001000049c                gpio_init
 .text.hw_claim_or_assert
                0x00000000100004d8       0x48 CMakeFiles/tinyusb_dev_hid_composite.dir/home/kang/tmp/pico/pico-sdk/src/rp2_common/hardware_claim/claim.c.obj
                0x00000000100004d8                hw_claim_or_assert
 .text.hw_claim_unused_from_range
                0x0000000010000520       0x9c CMakeFiles/tinyusb_dev_hid_composite.dir/home/kang/tmp/pico/pico-sdk/src/rp2_common/hardware_claim/claim.c.obj
                0x0000000010000520                hw_claim_unused_from_range
 .text.running_on_fpga
                0x00000000100005bc       0x10 CMakeFiles/tinyusb_dev_hid_composite.dir/home/kang/tmp/pico/pico-sdk/src/rp2_common/pico_platform/platform.c.obj
                0x00000000100005bc                running_on_fpga
 .text.spin_locks_reset
                0x00000000100005cc       0x1c CMakeFiles/tinyusb_dev_hid_composite.dir/home/kang/tmp/pico/pico-sdk/src/rp2_common/hardware_sync/sync.c.obj
                0x00000000100005cc                spin_locks_reset
 .text.next_striped_spin_lock_num
                0x00000000100005e8       0x18 CMakeFiles/tinyusb_dev_hid_composite.dir/home/kang/tmp/pico/pico-sdk/src/rp2_common/hardware_sync/sync.c.obj
                0x00000000100005e8                next_striped_spin_lock_num
 .text.spin_lock_claim_unused
                0x0000000010000600       0x20 CMakeFiles/tinyusb_dev_hid_composite.dir/home/kang/tmp/pico/pico-sdk/src/rp2_common/hardware_sync/sync.c.obj
                0x0000000010000600                spin_lock_claim_unused
 .text.uart_init
                0x0000000010000620       0xe4 CMakeFiles/tinyusb_dev_hid_composite.dir/home/kang/tmp/pico/pico-sdk/src/rp2_common/hardware_uart/uart.c.obj
                0x0000000010000620                uart_init
 .text.timer_pool_entry_comparator
                0x0000000010000704       0x34 CMakeFiles/tinyusb_dev_hid_composite.dir/home/kang/tmp/pico/pico-sdk/src/common/pico_time/time.c.obj
                0x0000000010000704                timer_pool_entry_comparator
 .text.sleep_until_callback
                0x0000000010000738       0x30 CMakeFiles/tinyusb_dev_hid_composite.dir/home/kang/tmp/pico/pico-sdk/src/common/pico_time/time.c.obj
 .text.alarm_pool_add_alarm_at.constprop.0
                0x0000000010000768      0x128 CMakeFiles/tinyusb_dev_hid_composite.dir/home/kang/tmp/pico/pico-sdk/src/common/pico_time/time.c.obj
 .text.add_alarm_under_lock
                0x0000000010000890      0x108 CMakeFiles/tinyusb_dev_hid_composite.dir/home/kang/tmp/pico/pico-sdk/src/common/pico_time/time.c.obj
 .text.alarm_pool_alarm_callback
                0x0000000010000998      0x1c8 CMakeFiles/tinyusb_dev_hid_composite.dir/home/kang/tmp/pico/pico-sdk/src/common/pico_time/time.c.obj
 .text.alarm_pool_init_default
                0x0000000010000b60       0x64 CMakeFiles/tinyusb_dev_hid_composite.dir/home/kang/tmp/pico/pico-sdk/src/common/pico_time/time.c.obj
                0x0000000010000b60                alarm_pool_init_default
 .text.alarm_pool_get_default
                0x0000000010000bc4        0x8 CMakeFiles/tinyusb_dev_hid_composite.dir/home/kang/tmp/pico/pico-sdk/src/common/pico_time/time.c.obj
                0x0000000010000bc4                alarm_pool_get_default
 .text.alarm_pool_add_alarm_at
                0x0000000010000bcc      0x1ac CMakeFiles/tinyusb_dev_hid_composite.dir/home/kang/tmp/pico/pico-sdk/src/common/pico_time/time.c.obj
                0x0000000010000bcc                alarm_pool_add_alarm_at
 .text.sleep_until
                0x0000000010000d78       0xac CMakeFiles/tinyusb_dev_hid_composite.dir/home/kang/tmp/pico/pico-sdk/src/common/pico_time/time.c.obj
                0x0000000010000d78                sleep_until
 .text.sleep_ms
                0x0000000010000e24       0x38 CMakeFiles/tinyusb_dev_hid_composite.dir/home/kang/tmp/pico/pico-sdk/src/common/pico_time/time.c.obj
                0x0000000010000e24                sleep_ms
 .text.best_effort_wfe_or_timeout
                0x0000000010000e5c       0xd4 CMakeFiles/tinyusb_dev_hid_composite.dir/home/kang/tmp/pico/pico-sdk/src/common/pico_time/time.c.obj
                0x0000000010000e5c                best_effort_wfe_or_timeout
 .text.hardware_alarm_irq_handler
                0x0000000010000f30       0xb8 CMakeFiles/tinyusb_dev_hid_composite.dir/home/kang/tmp/pico/pico-sdk/src/rp2_common/hardware_timer/timer.c.obj
 .text.hardware_alarm_claim
                0x0000000010000fe8       0x18 CMakeFiles/tinyusb_dev_hid_composite.dir/home/kang/tmp/pico/pico-sdk/src/rp2_common/hardware_timer/timer.c.obj
                0x0000000010000fe8                hardware_alarm_claim
 .text.time_us_64
                0x0000000010001000       0x14 CMakeFiles/tinyusb_dev_hid_composite.dir/home/kang/tmp/pico/pico-sdk/src/rp2_common/hardware_timer/timer.c.obj
                0x0000000010001000                time_us_64
 .text.busy_wait_us
                0x0000000010001014       0x54 CMakeFiles/tinyusb_dev_hid_composite.dir/home/kang/tmp/pico/pico-sdk/src/rp2_common/hardware_timer/timer.c.obj
                0x0000000010001014                busy_wait_us
 .text.busy_wait_until
                0x0000000010001068       0x20 CMakeFiles/tinyusb_dev_hid_composite.dir/home/kang/tmp/pico/pico-sdk/src/rp2_common/hardware_timer/timer.c.obj
                0x0000000010001068                busy_wait_until
 .text.hardware_alarm_set_callback
                0x0000000010001088       0x8c CMakeFiles/tinyusb_dev_hid_composite.dir/home/kang/tmp/pico/pico-sdk/src/rp2_common/hardware_timer/timer.c.obj
                0x0000000010001088                hardware_alarm_set_callback
 .text.hardware_alarm_set_target
                0x0000000010001114       0xe4 CMakeFiles/tinyusb_dev_hid_composite.dir/home/kang/tmp/pico/pico-sdk/src/rp2_common/hardware_timer/timer.c.obj
                0x0000000010001114                hardware_alarm_set_target
 .text.hardware_alarm_cancel
                0x00000000100011f8       0x40 CMakeFiles/tinyusb_dev_hid_composite.dir/home/kang/tmp/pico/pico-sdk/src/rp2_common/hardware_timer/timer.c.obj
                0x00000000100011f8                hardware_alarm_cancel
 .text.lock_init
                0x0000000010001238       0x10 CMakeFiles/tinyusb_dev_hid_composite.dir/home/kang/tmp/pico/pico-sdk/src/common/pico_sync/lock_core.c.obj
                0x0000000010001238                lock_init
 .text.mutex_init
                0x0000000010001248       0x1c CMakeFiles/tinyusb_dev_hid_composite.dir/home/kang/tmp/pico/pico-sdk/src/common/pico_sync/mutex.c.obj
                0x0000000010001248                mutex_init
 .text.recursive_mutex_init
                0x0000000010001264       0x1c CMakeFiles/tinyusb_dev_hid_composite.dir/home/kang/tmp/pico/pico-sdk/src/common/pico_sync/mutex.c.obj
                0x0000000010001264                recursive_mutex_init
 .text.critical_section_init
                0x0000000010001280       0x1c CMakeFiles/tinyusb_dev_hid_composite.dir/home/kang/tmp/pico/pico-sdk/src/common/pico_sync/critical_section.c.obj
                0x0000000010001280                critical_section_init
 .text.ph_merge_nodes
                0x000000001000129c       0x68 CMakeFiles/tinyusb_dev_hid_composite.dir/home/kang/tmp/pico/pico-sdk/src/common/pico_util/pheap.c.obj
 .text.ph_post_alloc_init
                0x0000000010001304       0x3c CMakeFiles/tinyusb_dev_hid_composite.dir/home/kang/tmp/pico/pico-sdk/src/common/pico_util/pheap.c.obj
                0x0000000010001304                ph_post_alloc_init
 .text.ph_merge_two_pass
                0x0000000010001340       0x90 CMakeFiles/tinyusb_dev_hid_composite.dir/home/kang/tmp/pico/pico-sdk/src/common/pico_util/pheap.c.obj
                0x0000000010001340                ph_merge_two_pass
 .text.ph_remove_any_head
                0x00000000100013d0       0xf8 CMakeFiles/tinyusb_dev_hid_composite.dir/home/kang/tmp/pico/pico-sdk/src/common/pico_util/pheap.c.obj
 .text.ph_remove_head
                0x00000000100014c8      0x13c CMakeFiles/tinyusb_dev_hid_composite.dir/home/kang/tmp/pico/pico-sdk/src/common/pico_util/pheap.c.obj
                0x00000000100014c8                ph_remove_head
 .text.ph_remove_and_free_node
                0x0000000010001604       0x7c CMakeFiles/tinyusb_dev_hid_composite.dir/home/kang/tmp/pico/pico-sdk/src/common/pico_util/pheap.c.obj
                0x0000000010001604                ph_remove_and_free_node
 .text.runtime_init
                0x0000000010001680       0xfc CMakeFiles/tinyusb_dev_hid_composite.dir/home/kang/tmp/pico/pico-sdk/src/rp2_common/pico_runtime/runtime.c.obj
                0x0000000010001680                runtime_init
 .text.exit     0x000000001000177c        0x4 CMakeFiles/tinyusb_dev_hid_composite.dir/home/kang/tmp/pico/pico-sdk/src/rp2_common/pico_runtime/runtime.c.obj
                0x000000001000177c                exit
 .text.panic    0x0000000010001780       0x30 CMakeFiles/tinyusb_dev_hid_composite.dir/home/kang/tmp/pico/pico-sdk/src/rp2_common/pico_runtime/runtime.c.obj
                0x0000000010001780                panic
 .text.hard_assertion_failure
                0x00000000100017b0        0xc CMakeFiles/tinyusb_dev_hid_composite.dir/home/kang/tmp/pico/pico-sdk/src/rp2_common/pico_runtime/runtime.c.obj
                0x00000000100017b0                hard_assertion_failure
 .text.clocks_init
                0x00000000100017bc      0x2bc CMakeFiles/tinyusb_dev_hid_composite.dir/home/kang/tmp/pico/pico-sdk/src/rp2_common/hardware_clocks/clocks.c.obj
                0x00000000100017bc                clocks_init
 .text.clock_get_hz
                0x0000000010001a78        0xc CMakeFiles/tinyusb_dev_hid_composite.dir/home/kang/tmp/pico/pico-sdk/src/rp2_common/hardware_clocks/clocks.c.obj
                0x0000000010001a78                clock_get_hz
 .text.irq_set_enabled
                0x0000000010001a84       0x24 CMakeFiles/tinyusb_dev_hid_composite.dir/home/kang/tmp/pico/pico-sdk/src/rp2_common/hardware_irq/irq.c.obj
                0x0000000010001a84                irq_set_enabled
 .text.irq_get_vtable_handler
                0x0000000010001aa8       0x10 CMakeFiles/tinyusb_dev_hid_composite.dir/home/kang/tmp/pico/pico-sdk/src/rp2_common/hardware_irq/irq.c.obj
                0x0000000010001aa8                irq_get_vtable_handler
 .text.irq_set_exclusive_handler
                0x0000000010001ab8       0x54 CMakeFiles/tinyusb_dev_hid_composite.dir/home/kang/tmp/pico/pico-sdk/src/rp2_common/hardware_irq/irq.c.obj
                0x0000000010001ab8                irq_set_exclusive_handler
 .text.irq_remove_handler
                0x0000000010001b0c      0x1b8 CMakeFiles/tinyusb_dev_hid_composite.dir/home/kang/tmp/pico/pico-sdk/src/rp2_common/hardware_irq/irq.c.obj
                0x0000000010001b0c                irq_remove_handler
 .text.irq_add_tail_to_free_list
                0x0000000010001cc4       0xb8 CMakeFiles/tinyusb_dev_hid_composite.dir/home/kang/tmp/pico/pico-sdk/src/rp2_common/hardware_irq/irq.c.obj
                0x0000000010001cc4                irq_add_tail_to_free_list
 .text.irq_init_priorities
                0x0000000010001d7c       0x38 CMakeFiles/tinyusb_dev_hid_composite.dir/home/kang/tmp/pico/pico-sdk/src/rp2_common/hardware_irq/irq.c.obj
                0x0000000010001d7c                irq_init_priorities
 .text.pll_init
                0x0000000010001db4       0xa4 CMakeFiles/tinyusb_dev_hid_composite.dir/home/kang/tmp/pico/pico-sdk/src/rp2_common/hardware_pll/pll.c.obj
                0x0000000010001db4                pll_init
 .text.watchdog_start_tick
                0x0000000010001e58       0x10 CMakeFiles/tinyusb_dev_hid_composite.dir/home/kang/tmp/pico/pico-sdk/src/rp2_common/hardware_watchdog/watchdog.c.obj
                0x0000000010001e58                watchdog_start_tick
 .text.xosc_init
                0x0000000010001e68       0x28 CMakeFiles/tinyusb_dev_hid_composite.dir/home/kang/tmp/pico/pico-sdk/src/rp2_common/hardware_xosc/xosc.c.obj
                0x0000000010001e68                xosc_init
 .text._out_char
                0x0000000010001e90       0x10 CMakeFiles/tinyusb_dev_hid_composite.dir/home/kang/tmp/pico/pico-sdk/src/rp2_common/pico_printf/printf.c.obj
 .text.weak_raw_vprintf
                0x0000000010001ea0       0x30 CMakeFiles/tinyusb_dev_hid_composite.dir/home/kang/tmp/pico/pico-sdk/src/rp2_common/pico_printf/printf.c.obj
                0x0000000010001ea0                weak_raw_vprintf
 .text          0x0000000010001ed0       0x10 CMakeFiles/tinyusb_dev_hid_composite.dir/home/kang/tmp/pico/pico-sdk/src/rp2_common/pico_bit_ops/bit_ops_aeabi.S.obj
 .text.rom_func_lookup
                0x0000000010001ee0       0x10 CMakeFiles/tinyusb_dev_hid_composite.dir/home/kang/tmp/pico/pico-sdk/src/rp2_common/pico_bootrom/bootrom.c.obj
                0x0000000010001ee0                rom_func_lookup
 .text.rom_data_lookup
                0x0000000010001ef0       0x10 CMakeFiles/tinyusb_dev_hid_composite.dir/home/kang/tmp/pico/pico-sdk/src/rp2_common/pico_bootrom/bootrom.c.obj
                0x0000000010001ef0                rom_data_lookup
 .text.rom_funcs_lookup
                0x0000000010001f00       0x3c CMakeFiles/tinyusb_dev_hid_composite.dir/home/kang/tmp/pico/pico-sdk/src/rp2_common/pico_bootrom/bootrom.c.obj
                0x0000000010001f00                rom_funcs_lookup
 .text.__wrap___aeabi_uidiv
                0x0000000010001f3c       0x4c CMakeFiles/tinyusb_dev_hid_composite.dir/home/kang/tmp/pico/pico-sdk/src/rp2_common/pico_divider/divider.S.obj
                0x0000000010001f3c                __wrap___aeabi_uidiv
                0x0000000010001f3c                __wrap___aeabi_uidivmod
                0x0000000010001f3c                div_u32u32
                0x0000000010001f3c                divmod_u32u32
                0x0000000010001f44                divmod_u32u32_unsafe
                0x0000000010001f6c                divmod_u32u32_savestate
 .text.__aeabi_double_init
                0x0000000010001f88       0xac CMakeFiles/tinyusb_dev_hid_composite.dir/home/kang/tmp/pico/pico-sdk/src/rp2_common/pico_double/double_init_rom.c.obj
                0x0000000010001f88                __aeabi_double_init
 .text.double_table_shim_on_use_helper
                0x0000000010002034       0x2c CMakeFiles/tinyusb_dev_hid_composite.dir/home/kang/tmp/pico/pico-sdk/src/rp2_common/pico_double/double_v1_rom_shim.S.obj
                0x0000000010002034                double_table_shim_on_use_helper
 .text.__aeabi_lmul
                0x0000000010002060       0x32 CMakeFiles/tinyusb_dev_hid_composite.dir/home/kang/tmp/pico/pico-sdk/src/rp2_common/pico_int64_ops/pico_int64_ops_aeabi.S.obj
                0x0000000010002060                __wrap___aeabi_lmul
 *fill*         0x0000000010002092        0x2 
 .text.__aeabi_float_init
                0x0000000010002094       0x64 CMakeFiles/tinyusb_dev_hid_composite.dir/home/kang/tmp/pico/pico-sdk/src/rp2_common/pico_float/float_init_rom.c.obj
                0x0000000010002094                __aeabi_float_init
 .text.float_table_shim_on_use_helper
                0x00000000100020f8       0x2c CMakeFiles/tinyusb_dev_hid_composite.dir/home/kang/tmp/pico/pico-sdk/src/rp2_common/pico_float/float_v1_rom_shim.S.obj
                0x00000000100020f8                float_table_shim_on_use_helper
 .text          0x0000000010002124       0x10 CMakeFiles/tinyusb_dev_hid_composite.dir/home/kang/tmp/pico/pico-sdk/src/rp2_common/pico_mem_ops/mem_ops_aeabi.S.obj
                0x0000000010002124                __aeabi_mem_init
 .text.memset   0x0000000010002134        0xc CMakeFiles/tinyusb_dev_hid_composite.dir/home/kang/tmp/pico/pico-sdk/src/rp2_common/pico_mem_ops/mem_ops_aeabi.S.obj
                0x0000000010002134                __wrap_memset
 .text.memcpy   0x0000000010002140        0xc CMakeFiles/tinyusb_dev_hid_composite.dir/home/kang/tmp/pico/pico-sdk/src/rp2_common/pico_mem_ops/mem_ops_aeabi.S.obj
                0x0000000010002140                __wrap___aeabi_memcpy
                0x0000000010002140                __wrap_memcpy
 .text.stdio_out_chars_crlf.part.0
                0x000000001000214c       0x84 CMakeFiles/tinyusb_dev_hid_composite.dir/home/kang/tmp/pico/pico-sdk/src/rp2_common/pico_stdio/stdio.c.obj
 .text.stdio_put_string
                0x00000000100021d0      0x100 CMakeFiles/tinyusb_dev_hid_composite.dir/home/kang/tmp/pico/pico-sdk/src/rp2_common/pico_stdio/stdio.c.obj
 .text.__wrap_putchar
                0x00000000100022d0       0x1c CMakeFiles/tinyusb_dev_hid_composite.dir/home/kang/tmp/pico/pico-sdk/src/rp2_common/pico_stdio/stdio.c.obj
                0x00000000100022d0                __wrap_putchar
 .text.__wrap_puts
                0x00000000100022ec       0x3c CMakeFiles/tinyusb_dev_hid_composite.dir/home/kang/tmp/pico/pico-sdk/src/rp2_common/pico_stdio/stdio.c.obj
                0x00000000100022ec                __wrap_puts
 .text.stdio_set_driver_enabled
                0x0000000010002328       0x3c CMakeFiles/tinyusb_dev_hid_composite.dir/home/kang/tmp/pico/pico-sdk/src/rp2_common/pico_stdio/stdio.c.obj
                0x0000000010002328                stdio_set_driver_enabled
 .text.stdio_uart_out_chars
                0x0000000010002364       0x4c CMakeFiles/tinyusb_dev_hid_composite.dir/home/kang/tmp/pico/pico-sdk/src/rp2_common/pico_stdio_uart/stdio_uart.c.obj
 .text.stdio_uart_in_chars
                0x00000000100023b0       0x38 CMakeFiles/tinyusb_dev_hid_composite.dir/home/kang/tmp/pico/pico-sdk/src/rp2_common/pico_stdio_uart/stdio_uart.c.obj
                0x00000000100023b0                stdio_uart_in_chars
 .text.stdio_uart_init_full
                0x00000000100023e8       0x38 CMakeFiles/tinyusb_dev_hid_composite.dir/home/kang/tmp/pico/pico-sdk/src/rp2_common/pico_stdio_uart/stdio_uart.c.obj
                0x00000000100023e8                stdio_uart_init_full
 .text.startup.boot_double_tap_check
                0x0000000010002420       0x60 CMakeFiles/tinyusb_dev_hid_composite.dir/home/kang/tmp/pico/pico-sdk/src/rp2_common/pico_bootsel_via_double_reset/pico_bootsel_via_double_reset.c.obj
 .text.board_init
                0x0000000010002480       0x30 CMakeFiles/tinyusb_dev_hid_composite.dir/home/kang/tmp/pico/pico-sdk/lib/tinyusb/hw/bsp/rp2040/family.c.obj
                0x0000000010002480                board_init
 .text.board_led_write
                0x00000000100024b0       0x14 CMakeFiles/tinyusb_dev_hid_composite.dir/home/kang/tmp/pico/pico-sdk/lib/tinyusb/hw/bsp/rp2040/family.c.obj
                0x00000000100024b0                board_led_write
 .text.board_uart_write
                0x00000000100024c4       0x50 CMakeFiles/tinyusb_dev_hid_composite.dir/home/kang/tmp/pico/pico-sdk/lib/tinyusb/hw/bsp/rp2040/family.c.obj
                0x00000000100024c4                board_uart_write
 .text.dcd_rp2040_irq
                0x0000000010002514      0x154 CMakeFiles/tinyusb_dev_hid_composite.dir/home/kang/tmp/pico/pico-sdk/lib/tinyusb/src/portable/raspberrypi/rp2040/dcd_rp2040.c.obj
 .text.dcd_int_enable
                0x0000000010002668        0xc CMakeFiles/tinyusb_dev_hid_composite.dir/home/kang/tmp/pico/pico-sdk/lib/tinyusb/src/portable/raspberrypi/rp2040/dcd_rp2040.c.obj
                0x0000000010002668                dcd_int_enable
 .text.dcd_connect
                0x0000000010002674       0x10 CMakeFiles/tinyusb_dev_hid_composite.dir/home/kang/tmp/pico/pico-sdk/lib/tinyusb/src/portable/raspberrypi/rp2040/dcd_rp2040.c.obj
                0x0000000010002674                dcd_connect
 .text.dcd_init
                0x0000000010002684       0xa0 CMakeFiles/tinyusb_dev_hid_composite.dir/home/kang/tmp/pico/pico-sdk/lib/tinyusb/src/portable/raspberrypi/rp2040/dcd_rp2040.c.obj
                0x0000000010002684                dcd_init
 .text._hw_endpoint_buffer_control_update32.part.0
                0x0000000010002724       0x20 CMakeFiles/tinyusb_dev_hid_composite.dir/home/kang/tmp/pico/pico-sdk/lib/tinyusb/src/portable/raspberrypi/rp2040/rp2040_usb.c.obj
 .text.rp2040_usb_init
                0x0000000010002744       0x50 CMakeFiles/tinyusb_dev_hid_composite.dir/home/kang/tmp/pico/pico-sdk/lib/tinyusb/src/portable/raspberrypi/rp2040/rp2040_usb.c.obj
                0x0000000010002744                rp2040_usb_init
 .text.hw_endpoint_reset_transfer
                0x0000000010002794        0xc CMakeFiles/tinyusb_dev_hid_composite.dir/home/kang/tmp/pico/pico-sdk/lib/tinyusb/src/portable/raspberrypi/rp2040/rp2040_usb.c.obj
                0x0000000010002794                hw_endpoint_reset_transfer
 .text._hw_endpoint_xfer_continue
                0x00000000100027a0      0x104 CMakeFiles/tinyusb_dev_hid_composite.dir/home/kang/tmp/pico/pico-sdk/lib/tinyusb/src/portable/raspberrypi/rp2040/rp2040_usb.c.obj
                0x00000000100027a0                _hw_endpoint_xfer_continue
 .text.tud_init
                0x00000000100028a4       0xd8 CMakeFiles/tinyusb_dev_hid_composite.dir/home/kang/tmp/pico/pico-sdk/lib/tinyusb/src/device/usbd.c.obj
                0x00000000100028a4                tud_init
 .text.dcd_event_bus_signal
                0x000000001000297c       0xe8 CMakeFiles/tinyusb_dev_hid_composite.dir/home/kang/tmp/pico/pico-sdk/lib/tinyusb/src/device/usbd.c.obj
                0x000000001000297c                dcd_event_bus_signal
 .text.dcd_event_bus_reset
                0x0000000010002a64       0x54 CMakeFiles/tinyusb_dev_hid_composite.dir/home/kang/tmp/pico/pico-sdk/lib/tinyusb/src/device/usbd.c.obj
                0x0000000010002a64                dcd_event_bus_reset
 .text.dcd_event_setup_received
                0x0000000010002ab8       0x50 CMakeFiles/tinyusb_dev_hid_composite.dir/home/kang/tmp/pico/pico-sdk/lib/tinyusb/src/device/usbd.c.obj
                0x0000000010002ab8                dcd_event_setup_received
 .text.dcd_event_xfer_complete
                0x0000000010002b08       0x68 CMakeFiles/tinyusb_dev_hid_composite.dir/home/kang/tmp/pico/pico-sdk/lib/tinyusb/src/device/usbd.c.obj
                0x0000000010002b08                dcd_event_xfer_complete
 .text.hidd_init
                0x0000000010002b70       0x14 CMakeFiles/tinyusb_dev_hid_composite.dir/home/kang/tmp/pico/pico-sdk/lib/tinyusb/src/class/hid/hid_device.c.obj
                0x0000000010002b70                hidd_init
 .text.tusb_init
                0x0000000010002b84        0xc CMakeFiles/tinyusb_dev_hid_composite.dir/home/kang/tmp/pico/pico-sdk/lib/tinyusb/src/tusb.c.obj
                0x0000000010002b84                tusb_init
 .text.tu_fifo_write
                0x0000000010002b90       0x78 CMakeFiles/tinyusb_dev_hid_composite.dir/home/kang/tmp/pico/pico-sdk/lib/tinyusb/src/common/tusb_fifo.c.obj
                0x0000000010002b90                tu_fifo_write
 .text.tu_fifo_clear
                0x0000000010002c08       0x4c CMakeFiles/tinyusb_dev_hid_composite.dir/home/kang/tmp/pico/pico-sdk/lib/tinyusb/src/common/tusb_fifo.c.obj
                0x0000000010002c08                tu_fifo_clear
 .text.spi_init
                0x0000000010002c54       0xf4 CMakeFiles/tinyusb_dev_hid_composite.dir/home/kang/tmp/pico/pico-sdk/src/rp2_common/hardware_spi/spi.c.obj
                0x0000000010002c54                spi_init
 .text.hw_enumeration_fix_force_ls_j_done
                0x0000000010002d48       0x48 CMakeFiles/tinyusb_dev_hid_composite.dir/home/kang/tmp/pico/pico-sdk/src/rp2_common/pico_fix/rp2040_usb_device_enumeration/rp2040_usb_device_enumeration.c.obj
                0x0000000010002d48                hw_enumeration_fix_force_ls_j_done
 .text.hw_enumeration_fix_force_ls_j
                0x0000000010002d90      0x118 CMakeFiles/tinyusb_dev_hid_composite.dir/home/kang/tmp/pico/pico-sdk/src/rp2_common/pico_fix/rp2040_usb_device_enumeration/rp2040_usb_device_enumeration.c.obj
 .text.hw_enumeration_fix_wait_se0_callback
                0x0000000010002ea8       0x24 CMakeFiles/tinyusb_dev_hid_composite.dir/home/kang/tmp/pico/pico-sdk/src/rp2_common/pico_fix/rp2040_usb_device_enumeration/rp2040_usb_device_enumeration.c.obj
                0x0000000010002ea8                hw_enumeration_fix_wait_se0_callback
 .text.rp2040_usb_device_enumeration_fix
                0x0000000010002ecc       0x60 CMakeFiles/tinyusb_dev_hid_composite.dir/home/kang/tmp/pico/pico-sdk/src/rp2_common/pico_fix/rp2040_usb_device_enumeration/rp2040_usb_device_enumeration.c.obj
                0x0000000010002ecc                rp2040_usb_device_enumeration_fix
 .text          0x0000000010002f2c       0x68 /usr/lib/gcc/arm-none-eabi/9.2.1/../../../arm-none-eabi/lib/thumb/v6-m/nofp/libc.a(lib_a-strlen-stub.o)
                0x0000000010002f2c                strlen
 *(.fini)
 .fini          0x0000000010002f94        0x4 /usr/lib/gcc/arm-none-eabi/9.2.1/thumb/v6-m/nofp/crti.o
                0x0000000010002f94                _fini
 .fini.__stub   0x0000000010002f98       0x60 linker stubs
 *crtbegin.o(.ctors)
 *crtbegin?.o(.ctors)
 *(EXCLUDE_FILE(*crtend.o *crtend?.o) .ctors)
 *(SORT_BY_NAME(.ctors.*))
 *(.ctors)
 *crtbegin.o(.dtors)
 *crtbegin?.o(.dtors)
 *(EXCLUDE_FILE(*crtend.o *crtend?.o) .dtors)
 *(SORT_BY_NAME(.dtors.*))
 *(.dtors)
 *(.eh_frame*)
 .eh_frame      0x0000000010002ff8        0x0 /usr/lib/gcc/arm-none-eabi/9.2.1/thumb/v6-m/nofp/crtbegin.o
                0x0000000010002ff8                . = ALIGN (0x4)

.glue_7         0x0000000010002ff8        0x0
 .glue_7        0x0000000010002ff8        0x0 linker stubs

.glue_7t        0x0000000010002ff8        0x0
 .glue_7t       0x0000000010002ff8        0x0 linker stubs

.vfp11_veneer   0x0000000010002ff8        0x0
 .vfp11_veneer  0x0000000010002ff8        0x0 linker stubs

.v4_bx          0x0000000010002ff8        0x0
 .v4_bx         0x0000000010002ff8        0x0 linker stubs

.iplt           0x0000000010002ff8        0x0
 .iplt          0x0000000010002ff8        0x0 /usr/lib/gcc/arm-none-eabi/9.2.1/thumb/v6-m/nofp/crtbegin.o

.rodata         0x0000000010002ff8      0x1cc
 *(EXCLUDE_FILE(*libm.a: *libc.a:*lib_a-mem*.o *libgcc.a:) .rodata*)
 .rodata.main.str1.4
                0x0000000010002ff8        0x8 CMakeFiles/tinyusb_dev_hid_composite.dir/src/main.c.obj
 .rodata.spin_lock_claim_unused.str1.4
                0x0000000010003000       0x1b CMakeFiles/tinyusb_dev_hid_composite.dir/home/kang/tmp/pico/pico-sdk/src/rp2_common/hardware_sync/sync.c.obj
 *fill*         0x000000001000301b        0x1 
 .rodata.hardware_alarm_claim.str1.4
                0x000000001000301c       0x22 CMakeFiles/tinyusb_dev_hid_composite.dir/home/kang/tmp/pico/pico-sdk/src/rp2_common/hardware_timer/timer.c.obj
 *fill*         0x000000001000303e        0x2 
 .rodata.panic.str1.4
                0x0000000010003040       0x12 CMakeFiles/tinyusb_dev_hid_composite.dir/home/kang/tmp/pico/pico-sdk/src/rp2_common/pico_runtime/runtime.c.obj
 *fill*         0x0000000010003052        0x2 
 .rodata.hard_assertion_failure.str1.4
                0x0000000010003054        0xc CMakeFiles/tinyusb_dev_hid_composite.dir/home/kang/tmp/pico/pico-sdk/src/rp2_common/pico_runtime/runtime.c.obj
 .rodata.str1.4
                0x0000000010003060       0x50 CMakeFiles/tinyusb_dev_hid_composite.dir/home/kang/tmp/pico/pico-sdk/src/rp2_common/pico_standard_link/binary_info.c.obj
 .rodata.__bi_44
                0x00000000100030b0        0xc CMakeFiles/tinyusb_dev_hid_composite.dir/home/kang/tmp/pico/pico-sdk/src/rp2_common/pico_standard_link/binary_info.c.obj
 .rodata.__bi_75
                0x00000000100030bc        0xc CMakeFiles/tinyusb_dev_hid_composite.dir/home/kang/tmp/pico/pico-sdk/src/rp2_common/pico_standard_link/binary_info.c.obj
 .rodata.__bi_81
                0x00000000100030c8        0xc CMakeFiles/tinyusb_dev_hid_composite.dir/home/kang/tmp/pico/pico-sdk/src/rp2_common/pico_standard_link/binary_info.c.obj
 .rodata.crlf_str.6011
                0x00000000100030d4        0x2 CMakeFiles/tinyusb_dev_hid_composite.dir/home/kang/tmp/pico/pico-sdk/src/rp2_common/pico_stdio/stdio.c.obj
 *fill*         0x00000000100030d6        0x2 
 .rodata.str1.4
                0x00000000100030d8       0x18 CMakeFiles/tinyusb_dev_hid_composite.dir/home/kang/tmp/pico/pico-sdk/src/rp2_common/pico_bootsel_via_double_reset/pico_bootsel_via_double_reset.c.obj
 .rodata.__bi_35
                0x00000000100030f0        0xc CMakeFiles/tinyusb_dev_hid_composite.dir/home/kang/tmp/pico/pico-sdk/src/rp2_common/pico_bootsel_via_double_reset/pico_bootsel_via_double_reset.c.obj
 .rodata.str1.4
                0x00000000100030fc        0x4 CMakeFiles/tinyusb_dev_hid_composite.dir/home/kang/tmp/pico/pico-sdk/lib/tinyusb/hw/bsp/rp2040/family.c.obj
 .rodata.__bi_121.7558
                0x0000000010003100        0xc CMakeFiles/tinyusb_dev_hid_composite.dir/home/kang/tmp/pico/pico-sdk/lib/tinyusb/hw/bsp/rp2040/family.c.obj
 .rodata.__bi_131.7561
                0x000000001000310c        0x8 CMakeFiles/tinyusb_dev_hid_composite.dir/home/kang/tmp/pico/pico-sdk/lib/tinyusb/hw/bsp/rp2040/family.c.obj
 .rodata.dcd_rp2040_irq.str1.4
                0x0000000010003114       0x14 CMakeFiles/tinyusb_dev_hid_composite.dir/home/kang/tmp/pico/pico-sdk/lib/tinyusb/src/portable/raspberrypi/rp2040/dcd_rp2040.c.obj
 .rodata._hw_endpoint_buffer_control_update32.part.0.str1.4
                0x0000000010003128       0x1f CMakeFiles/tinyusb_dev_hid_composite.dir/home/kang/tmp/pico/pico-sdk/lib/tinyusb/src/portable/raspberrypi/rp2040/rp2040_usb.c.obj
 *fill*         0x0000000010003147        0x1 
 .rodata._hw_endpoint_xfer_continue.str1.4
                0x0000000010003148       0x50 CMakeFiles/tinyusb_dev_hid_composite.dir/home/kang/tmp/pico/pico-sdk/lib/tinyusb/src/portable/raspberrypi/rp2040/rp2040_usb.c.obj
 .rodata.str1.4
                0x0000000010003198        0x7 CMakeFiles/tinyusb_dev_hid_composite.dir/home/kang/tmp/pico/pico-sdk/lib/tinyusb/src/portable/raspberrypi/rp2040/rp2040_usb.c.obj
 *fill*         0x000000001000319f        0x1 
 .rodata.hw_enumeration_fix_force_ls_j.str1.4
                0x00000000100031a0       0x22 CMakeFiles/tinyusb_dev_hid_composite.dir/home/kang/tmp/pico/pico-sdk/src/rp2_common/pico_fix/rp2040_usb_device_enumeration/rp2040_usb_device_enumeration.c.obj
                0x00000000100031c4                . = ALIGN (0x4)
 *fill*         0x00000000100031c2        0x2 
 *(SORT_BY_ALIGNMENT(SORT_BY_NAME(.flashdata*)))
                0x00000000100031c4                . = ALIGN (0x4)

.rel.dyn        0x00000000100031c4        0x0
 .rel.iplt      0x00000000100031c4        0x0 /usr/lib/gcc/arm-none-eabi/9.2.1/thumb/v6-m/nofp/crtbegin.o

.ARM.extab
 *(.ARM.extab* .gnu.linkonce.armextab.*)
                0x00000000100031c4                __exidx_start = .

.ARM.exidx
 *(.ARM.exidx* .gnu.linkonce.armexidx.*)
                0x00000000100031c4                __exidx_end = .
                0x00000000100031c4                . = ALIGN (0x4)
                0x00000000100031c4                __binary_info_start = .

.binary_info    0x00000000100031c4       0x28
 *(.binary_info.keep.*)
 .binary_info.keep.__bi_ptr22
                0x00000000100031c4        0x4 CMakeFiles/tinyusb_dev_hid_composite.dir/home/kang/tmp/pico/pico-sdk/src/rp2_common/pico_standard_link/binary_info.c.obj
 .binary_info.keep.__bi_ptr30
                0x00000000100031c8        0x4 CMakeFiles/tinyusb_dev_hid_composite.dir/home/kang/tmp/pico/pico-sdk/src/rp2_common/pico_standard_link/binary_info.c.obj
 .binary_info.keep.__bi_ptr38
                0x00000000100031cc        0x4 CMakeFiles/tinyusb_dev_hid_composite.dir/home/kang/tmp/pico/pico-sdk/src/rp2_common/pico_standard_link/binary_info.c.obj
 .binary_info.keep.__bi_ptr44
                0x00000000100031d0        0x4 CMakeFiles/tinyusb_dev_hid_composite.dir/home/kang/tmp/pico/pico-sdk/src/rp2_common/pico_standard_link/binary_info.c.obj
 .binary_info.keep.__bi_ptr50
                0x00000000100031d4        0x4 CMakeFiles/tinyusb_dev_hid_composite.dir/home/kang/tmp/pico/pico-sdk/src/rp2_common/pico_standard_link/binary_info.c.obj
 .binary_info.keep.__bi_ptr75
                0x00000000100031d8        0x4 CMakeFiles/tinyusb_dev_hid_composite.dir/home/kang/tmp/pico/pico-sdk/src/rp2_common/pico_standard_link/binary_info.c.obj
 .binary_info.keep.__bi_ptr81
                0x00000000100031dc        0x4 CMakeFiles/tinyusb_dev_hid_composite.dir/home/kang/tmp/pico/pico-sdk/src/rp2_common/pico_standard_link/binary_info.c.obj
 .binary_info.keep.__bi_ptr35
                0x00000000100031e0        0x4 CMakeFiles/tinyusb_dev_hid_composite.dir/home/kang/tmp/pico/pico-sdk/src/rp2_common/pico_bootsel_via_double_reset/pico_bootsel_via_double_reset.c.obj
 .binary_info.keep.__bi_ptr121
                0x00000000100031e4        0x4 CMakeFiles/tinyusb_dev_hid_composite.dir/home/kang/tmp/pico/pico-sdk/lib/tinyusb/hw/bsp/rp2040/family.c.obj
 .binary_info.keep.__bi_ptr131
                0x00000000100031e8        0x4 CMakeFiles/tinyusb_dev_hid_composite.dir/home/kang/tmp/pico/pico-sdk/lib/tinyusb/hw/bsp/rp2040/family.c.obj
 *(.binary_info.*)
                0x00000000100031ec                __binary_info_end = .
                0x00000000100031ec                . = ALIGN (0x4)
                0x00000000100031ec                __etext = .

.ram_vector_table
                0x0000000020000000       0xc0
 *(.ram_vector_table)
 .ram_vector_table
                0x0000000020000000       0xc0 CMakeFiles/tinyusb_dev_hid_composite.dir/home/kang/tmp/pico/pico-sdk/src/rp2_common/pico_runtime/runtime.c.obj
                0x0000000020000000                ram_vector_table

.data           0x00000000200000c0      0x340 load address 0x00000000100031ec
                0x00000000200000c0                __data_start__ = .
 *(vtable)
 *(.time_critical*)
 .time_critical.mutex_enter_blocking
                0x00000000200000c0       0x60 CMakeFiles/tinyusb_dev_hid_composite.dir/home/kang/tmp/pico/pico-sdk/src/common/pico_sync/mutex.c.obj
                0x00000000200000c0                mutex_enter_blocking
 .time_critical.mutex_try_enter
                0x0000000020000120       0x5c CMakeFiles/tinyusb_dev_hid_composite.dir/home/kang/tmp/pico/pico-sdk/src/common/pico_sync/mutex.c.obj
                0x0000000020000120                mutex_try_enter
 .time_critical.mutex_enter_timeout_ms
                0x000000002000017c       0xb0 CMakeFiles/tinyusb_dev_hid_composite.dir/home/kang/tmp/pico/pico-sdk/src/common/pico_sync/mutex.c.obj
                0x000000002000017c                mutex_enter_timeout_ms
 .time_critical.mutex_exit
                0x000000002000022c       0x5c CMakeFiles/tinyusb_dev_hid_composite.dir/home/kang/tmp/pico/pico-sdk/src/common/pico_sync/mutex.c.obj
                0x000000002000022c                mutex_exit
 .time_critical.spi_write_blocking
                0x0000000020000288       0x4c CMakeFiles/tinyusb_dev_hid_composite.dir/home/kang/tmp/pico/pico-sdk/src/rp2_common/hardware_spi/spi.c.obj
                0x0000000020000288                spi_write_blocking
 *(.text*)
 .text          0x00000000200002d4        0x4 /usr/lib/gcc/arm-none-eabi/9.2.1/thumb/v6-m/nofp/libgcc.a(_dvmd_tls.o)
                0x00000000200002d4                __aeabi_ldiv0
                0x00000000200002d4                __aeabi_idiv0
 .text.__stub   0x00000000200002d8       0x30 linker stubs
                0x0000000020000308                . = ALIGN (0x4)
 *(.rodata*)
                0x0000000020000308                . = ALIGN (0x4)
 *(.data*)
 .data.striped_spin_lock_num
                0x0000000020000308        0x1 CMakeFiles/tinyusb_dev_hid_composite.dir/home/kang/tmp/pico/pico-sdk/src/rp2_common/hardware_sync/sync.c.obj
 *fill*         0x0000000020000309        0x3 
 .data.default_alarm_pool
                0x000000002000030c       0x18 CMakeFiles/tinyusb_dev_hid_composite.dir/home/kang/tmp/pico/pico-sdk/src/common/pico_time/time.c.obj
 .data.default_alarm_pool_heap
                0x0000000020000324       0x10 CMakeFiles/tinyusb_dev_hid_composite.dir/home/kang/tmp/pico/pico-sdk/src/common/pico_time/time.c.obj
 .data          0x0000000020000334       0x48 CMakeFiles/tinyusb_dev_hid_composite.dir/home/kang/tmp/pico/pico-sdk/src/rp2_common/hardware_irq/irq_handler_chain.S.obj
                0x0000000020000334                irq_handler_chain_slots
                0x0000000020000364                irq_handler_chain_first_slot
                0x000000002000036e                irq_handler_chain_remove_tail
 *fill*         0x000000002000037c        0x4 
 .data.aeabi_bits_funcs
                0x0000000020000380       0x10 CMakeFiles/tinyusb_dev_hid_composite.dir/home/kang/tmp/pico/pico-sdk/src/rp2_common/pico_bit_ops/bit_ops_aeabi.S.obj
                0x0000000020000380                aeabi_bits_funcs
                0x0000000020000390                aeabi_bits_funcs_end
 .data.aeabi_mem_funcs
                0x0000000020000390       0x10 CMakeFiles/tinyusb_dev_hid_composite.dir/home/kang/tmp/pico/pico-sdk/src/rp2_common/pico_mem_ops/mem_ops_aeabi.S.obj
                0x0000000020000390                aeabi_mem_funcs
                0x00000000200003a0                aeabi_mem_funcs_end
 .data.stdio_uart
                0x00000000200003a0       0x14 CMakeFiles/tinyusb_dev_hid_composite.dir/home/kang/tmp/pico/pico-sdk/src/rp2_common/pico_stdio_uart/stdio_uart.c.obj
                0x00000000200003a0                stdio_uart
 .data.ep_dir_string
                0x00000000200003b4        0x8 CMakeFiles/tinyusb_dev_hid_composite.dir/home/kang/tmp/pico/pico-sdk/lib/tinyusb/src/portable/raspberrypi/rp2040/rp2040_usb.c.obj
                0x00000000200003b4                ep_dir_string
 .data._usbd_qdef
                0x00000000200003bc       0x24 CMakeFiles/tinyusb_dev_hid_composite.dir/home/kang/tmp/pico/pico-sdk/lib/tinyusb/src/device/usbd.c.obj
                0x00000000200003bc                _usbd_qdef
                0x00000000200003e0                . = ALIGN (0x4)
 *(.after_data.*)
                0x00000000200003e0                . = ALIGN (0x4)
                0x00000000200003e0                PROVIDE (__mutex_array_start = .)
 *(SORT_BY_NAME(.mutex_array.*))
 *(.mutex_array)
 .mutex_array   0x00000000200003e0        0x8 CMakeFiles/tinyusb_dev_hid_composite.dir/home/kang/tmp/pico/pico-sdk/src/rp2_common/pico_stdio/stdio.c.obj
                0x00000000200003e8                PROVIDE (__mutex_array_end = .)
                0x00000000200003e8                . = ALIGN (0x4)
                0x00000000200003e8                PROVIDE (__preinit_array_start = .)
 *(SORT_BY_NAME(.preinit_array.*))
 .preinit_array.00001
                0x00000000200003e8        0x4 CMakeFiles/tinyusb_dev_hid_composite.dir/home/kang/tmp/pico/pico-sdk/src/rp2_common/pico_mem_ops/mem_ops_aeabi.S.obj
 .preinit_array.00010
                0x00000000200003ec        0x4 CMakeFiles/tinyusb_dev_hid_composite.dir/home/kang/tmp/pico/pico-sdk/src/rp2_common/pico_bit_ops/bit_ops_aeabi.S.obj
 .preinit_array.00020
                0x00000000200003f0        0x4 CMakeFiles/tinyusb_dev_hid_composite.dir/home/kang/tmp/pico/pico-sdk/src/rp2_common/pico_double/double_aeabi.S.obj
 .preinit_array.00020
                0x00000000200003f4        0x4 CMakeFiles/tinyusb_dev_hid_composite.dir/home/kang/tmp/pico/pico-sdk/src/rp2_common/pico_float/float_aeabi.S.obj
 *(.preinit_array)
                0x00000000200003f8                PROVIDE (__preinit_array_end = .)
                0x00000000200003f8                . = ALIGN (0x4)
                0x00000000200003f8                PROVIDE (__init_array_start = .)
 *(SORT_BY_NAME(.init_array.*))
 *(.init_array)
 .init_array    0x00000000200003f8        0x4 /usr/lib/gcc/arm-none-eabi/9.2.1/thumb/v6-m/nofp/crtbegin.o
 .init_array    0x00000000200003fc        0x4 CMakeFiles/tinyusb_dev_hid_composite.dir/home/kang/tmp/pico/pico-sdk/src/rp2_common/pico_bootsel_via_double_reset/pico_bootsel_via_double_reset.c.obj
                0x0000000020000400                PROVIDE (__init_array_end = .)
                0x0000000020000400                . = ALIGN (0x4)
                0x0000000020000400                PROVIDE (__fini_array_start = .)
 *(SORT_BY_NAME(.fini_array.*))
 *(.fini_array)
                0x0000000020000400                PROVIDE (__fini_array_end = .)
 *(.jcr)
                0x0000000020000400                . = ALIGN (0x4)
                0x0000000020000400                __data_end__ = .

.tm_clone_table
                0x0000000020000400        0x0 load address 0x000000001000352c
 .tm_clone_table
                0x0000000020000400        0x0 /usr/lib/gcc/arm-none-eabi/9.2.1/thumb/v6-m/nofp/crtbegin.o
 .tm_clone_table
                0x0000000020000400        0x0 /usr/lib/gcc/arm-none-eabi/9.2.1/thumb/v6-m/nofp/crtend.o

.igot.plt       0x0000000020000400        0x0 load address 0x000000001000352c
 .igot.plt      0x0000000020000400        0x0 /usr/lib/gcc/arm-none-eabi/9.2.1/thumb/v6-m/nofp/crtbegin.o

.uninitialized_ram.magic_location
                0x0000000020000400        0xc load address 0x000000001000352c
 .uninitialized_ram.magic_location
                0x0000000020000400        0xc CMakeFiles/tinyusb_dev_hid_composite.dir/home/kang/tmp/pico/pico-sdk/src/rp2_common/pico_bootsel_via_double_reset/pico_bootsel_via_double_reset.c.obj

.uninitialized_data
                0x000000002000040c        0x0 load address 0x0000000010003538
                0x000000002000040c                . = ALIGN (0x4)
 *(.uninitialized_data*)

.scratch_x      0x0000000020040000        0x0 load address 0x0000000010003538
                0x0000000020040000                __scratch_x_start__ = .
 *(.scratch_x.*)
                0x0000000020040000                . = ALIGN (0x4)
                0x0000000020040000                __scratch_x_end__ = .
                0x0000000010003538                __scratch_x_source__ = LOADADDR (.scratch_x)

.scratch_y      0x0000000020041000        0x0 load address 0x0000000010003538
                0x0000000020041000                __scratch_y_start__ = .
 *(.scratch_y.*)
                0x0000000020041000                . = ALIGN (0x4)
                0x0000000020041000                __scratch_y_end__ = .
                0x0000000010003538                __scratch_y_source__ = LOADADDR (.scratch_y)

.bss            0x0000000020000410      0x924
                0x0000000020000410                . = ALIGN (0x4)
                0x0000000020000410                __bss_start__ = .
 *(SORT_BY_ALIGNMENT(SORT_BY_NAME(.bss*)))
 .bss.default_alarm_pool_entries
                0x0000000020000410      0x100 CMakeFiles/tinyusb_dev_hid_composite.dir/home/kang/tmp/pico/pico-sdk/src/common/pico_time/time.c.obj
 .bss           0x0000000020000510       0x1c /usr/lib/gcc/arm-none-eabi/9.2.1/thumb/v6-m/nofp/crtbegin.o
 .bss._app_driver
                0x000000002000052c        0x4 CMakeFiles/tinyusb_dev_hid_composite.dir/home/kang/tmp/pico/pico-sdk/lib/tinyusb/src/device/usbd.c.obj
 .bss._hidd_itf
                0x0000000020000530       0x2c CMakeFiles/tinyusb_dev_hid_composite.dir/home/kang/tmp/pico/pico-sdk/lib/tinyusb/src/class/hid/hid_device.c.obj
 .bss._ubsd_mutexdef
                0x000000002000055c        0x8 CMakeFiles/tinyusb_dev_hid_composite.dir/home/kang/tmp/pico/pico-sdk/lib/tinyusb/src/device/usbd.c.obj
 .bss._usbd_dev
                0x0000000020000564       0x37 CMakeFiles/tinyusb_dev_hid_composite.dir/home/kang/tmp/pico/pico-sdk/lib/tinyusb/src/device/usbd.c.obj
 *fill*         0x000000002000059b        0x1 
 .bss._usbd_mutex
                0x000000002000059c        0x4 CMakeFiles/tinyusb_dev_hid_composite.dir/home/kang/tmp/pico/pico-sdk/lib/tinyusb/src/device/usbd.c.obj
 .bss._usbd_q   0x00000000200005a0        0x4 CMakeFiles/tinyusb_dev_hid_composite.dir/home/kang/tmp/pico/pico-sdk/lib/tinyusb/src/device/usbd.c.obj
 .bss.alarm_callbacks
                0x00000000200005a4       0x10 CMakeFiles/tinyusb_dev_hid_composite.dir/home/kang/tmp/pico/pico-sdk/src/rp2_common/hardware_timer/timer.c.obj
 .bss.claimed   0x00000000200005b4        0x4 CMakeFiles/tinyusb_dev_hid_composite.dir/home/kang/tmp/pico/pico-sdk/src/rp2_common/hardware_sync/sync.c.obj
 .bss.configured_freq
                0x00000000200005b8       0x28 CMakeFiles/tinyusb_dev_hid_composite.dir/home/kang/tmp/pico/pico-sdk/src/rp2_common/hardware_clocks/clocks.c.obj
 .bss.default_alarm_pool_entry_ids_high
                0x00000000200005e0       0x10 CMakeFiles/tinyusb_dev_hid_composite.dir/home/kang/tmp/pico/pico-sdk/src/common/pico_time/time.c.obj
 .bss.default_alarm_pool_heap_nodes
                0x00000000200005f0       0x30 CMakeFiles/tinyusb_dev_hid_composite.dir/home/kang/tmp/pico/pico-sdk/src/common/pico_time/time.c.obj
 .bss.drivers   0x0000000020000620        0x4 CMakeFiles/tinyusb_dev_hid_composite.dir/home/kang/tmp/pico/pico-sdk/src/rp2_common/pico_stdio/stdio.c.obj
 .bss.filter    0x0000000020000624        0x4 CMakeFiles/tinyusb_dev_hid_composite.dir/home/kang/tmp/pico/pico-sdk/src/rp2_common/pico_stdio/stdio.c.obj
 .bss.gpio_ctrl_prev
                0x0000000020000628        0x4 CMakeFiles/tinyusb_dev_hid_composite.dir/home/kang/tmp/pico/pico-sdk/src/rp2_common/pico_fix/rp2040_usb_device_enumeration/rp2040_usb_device_enumeration.c.obj
 .bss.hw_endpoints
                0x000000002000062c      0x400 CMakeFiles/tinyusb_dev_hid_composite.dir/home/kang/tmp/pico/pico-sdk/lib/tinyusb/src/portable/raspberrypi/rp2040/dcd_rp2040.c.obj
 .bss.lazy_vsnprintf
                0x0000000020000a2c        0x4 CMakeFiles/tinyusb_dev_hid_composite.dir/home/kang/tmp/pico/pico-sdk/src/rp2_common/pico_printf/printf.c.obj
 .bss.next_buffer_ptr
                0x0000000020000a30        0x4 CMakeFiles/tinyusb_dev_hid_composite.dir/home/kang/tmp/pico/pico-sdk/lib/tinyusb/src/portable/raspberrypi/rp2040/dcd_rp2040.c.obj
 .bss.pad_ctrl_prev
                0x0000000020000a34        0x4 CMakeFiles/tinyusb_dev_hid_composite.dir/home/kang/tmp/pico/pico-sdk/src/rp2_common/pico_fix/rp2040_usb_device_enumeration/rp2040_usb_device_enumeration.c.obj
 .bss.pools     0x0000000020000a38       0x10 CMakeFiles/tinyusb_dev_hid_composite.dir/home/kang/tmp/pico/pico-sdk/src/common/pico_time/time.c.obj
 .bss.sleep_notifier
                0x0000000020000a48        0x4 CMakeFiles/tinyusb_dev_hid_composite.dir/home/kang/tmp/pico/pico-sdk/src/common/pico_time/time.c.obj
 .bss.target_hi
                0x0000000020000a4c       0x10 CMakeFiles/tinyusb_dev_hid_composite.dir/home/kang/tmp/pico/pico-sdk/src/rp2_common/hardware_timer/timer.c.obj
 .bss.uart_inst
                0x0000000020000a5c        0x4 CMakeFiles/tinyusb_dev_hid_composite.dir/home/kang/tmp/pico/pico-sdk/lib/tinyusb/hw/bsp/rp2040/family.c.obj
 .bss.uart_instance
                0x0000000020000a60        0x4 CMakeFiles/tinyusb_dev_hid_composite.dir/home/kang/tmp/pico/pico-sdk/src/rp2_common/pico_stdio_uart/stdio_uart.c.obj
 .bss._app_driver_count
                0x0000000020000a64        0x1 CMakeFiles/tinyusb_dev_hid_composite.dir/home/kang/tmp/pico/pico-sdk/lib/tinyusb/src/device/usbd.c.obj
 .bss._usbd_initialized
                0x0000000020000a65        0x1 CMakeFiles/tinyusb_dev_hid_composite.dir/home/kang/tmp/pico/pico-sdk/lib/tinyusb/src/device/usbd.c.obj
 .bss.claimed   0x0000000020000a66        0x1 CMakeFiles/tinyusb_dev_hid_composite.dir/home/kang/tmp/pico/pico-sdk/src/rp2_common/hardware_timer/timer.c.obj
 .bss.irq_hander_chain_free_slot_head
                0x0000000020000a67        0x1 CMakeFiles/tinyusb_dev_hid_composite.dir/home/kang/tmp/pico/pico-sdk/src/rp2_common/hardware_irq/irq.c.obj
 .bss.timer_callbacks_pending
                0x0000000020000a68        0x1 CMakeFiles/tinyusb_dev_hid_composite.dir/home/kang/tmp/pico/pico-sdk/src/rp2_common/hardware_timer/timer.c.obj
 *(COMMON)
 *fill*         0x0000000020000a69        0x3 
 COMMON         0x0000000020000a6c        0x4 CMakeFiles/tinyusb_dev_hid_composite.dir/home/kang/tmp/pico/pico-sdk/src/rp2_common/hardware_uart/uart.c.obj
                0x0000000020000a6c                uart_char_to_line_feed
 COMMON         0x0000000020000a70      0x100 CMakeFiles/tinyusb_dev_hid_composite.dir/home/kang/tmp/pico/pico-sdk/src/rp2_common/pico_double/double_init_rom.c.obj
                0x0000000020000a70                sd_table
 COMMON         0x0000000020000b70      0x104 CMakeFiles/tinyusb_dev_hid_composite.dir/home/kang/tmp/pico/pico-sdk/src/rp2_common/pico_float/float_init_rom.c.obj
                0x0000000020000b70                sf_table
                0x0000000020000c70                sf_clz_func
 COMMON         0x0000000020000c74       0xc0 CMakeFiles/tinyusb_dev_hid_composite.dir/home/kang/tmp/pico/pico-sdk/lib/tinyusb/src/device/usbd.c.obj
                0x0000000020000c74                _usbd_qdef_buf
                0x0000000020000d34                . = ALIGN (0x4)
                0x0000000020000d34                __bss_end__ = .

.heap           0x0000000020000d34      0x800
                0x0000000020000d34                __end__ = .
                0x0000000020000d34                end = __end__
 *(.heap*)
 .heap          0x0000000020000d34      0x800 CMakeFiles/tinyusb_dev_hid_composite.dir/home/kang/tmp/pico/pico-sdk/src/rp2_common/pico_standard_link/crt0.S.obj
                0x0000000020001534                __HeapLimit = .

.stack1_dummy   0x0000000020040000        0x0
 *(.stack1*)

.stack_dummy    0x0000000020041000      0x800
 *(.stack*)
 .stack         0x0000000020041000      0x800 CMakeFiles/tinyusb_dev_hid_composite.dir/home/kang/tmp/pico/pico-sdk/src/rp2_common/pico_standard_link/crt0.S.obj

.flash_end      0x0000000010003538        0x0
                0x0000000010003538                __flash_binary_end = .
                0x0000000020040000                __StackLimit = (ORIGIN (RAM) + LENGTH (RAM))
                0x0000000020041000                __StackOneTop = (ORIGIN (SCRATCH_X) + LENGTH (SCRATCH_X))
                0x0000000020042000                __StackTop = (ORIGIN (SCRATCH_Y) + LENGTH (SCRATCH_Y))
                0x0000000020041000                __StackOneBottom = (__StackOneTop - SIZEOF (.stack1_dummy))
                0x0000000020041800                __StackBottom = (__StackTop - SIZEOF (.stack_dummy))
                0x0000000020042000                PROVIDE (__stack = __StackTop)
                0x0000000000000001                ASSERT ((__StackLimit >= __HeapLimit), region RAM overflowed)
                0x0000000000000001                ASSERT (((__binary_info_header_end - __logical_binary_start) <= 0x100), Binary info must be in first 256 bytes of the binary)
LOAD CMakeFiles/tinyusb_dev_hid_composite.dir/src/main.c.obj
LOAD CMakeFiles/tinyusb_dev_hid_composite.dir/src/usb_descriptors.c.obj
LOAD CMakeFiles/tinyusb_dev_hid_composite.dir/home/kang/tmp/pico/pico-sdk/src/rp2_common/pico_stdlib/stdlib.c.obj
LOAD CMakeFiles/tinyusb_dev_hid_composite.dir/home/kang/tmp/pico/pico-sdk/src/rp2_common/hardware_gpio/gpio.c.obj
LOAD CMakeFiles/tinyusb_dev_hid_composite.dir/home/kang/tmp/pico/pico-sdk/src/rp2_common/hardware_claim/claim.c.obj
LOAD CMakeFiles/tinyusb_dev_hid_composite.dir/home/kang/tmp/pico/pico-sdk/src/rp2_common/pico_platform/platform.c.obj
LOAD CMakeFiles/tinyusb_dev_hid_composite.dir/home/kang/tmp/pico/pico-sdk/src/rp2_common/hardware_sync/sync.c.obj
LOAD CMakeFiles/tinyusb_dev_hid_composite.dir/home/kang/tmp/pico/pico-sdk/src/rp2_common/hardware_uart/uart.c.obj
LOAD CMakeFiles/tinyusb_dev_hid_composite.dir/home/kang/tmp/pico/pico-sdk/src/rp2_common/hardware_divider/divider.S.obj
LOAD CMakeFiles/tinyusb_dev_hid_composite.dir/home/kang/tmp/pico/pico-sdk/src/common/pico_time/time.c.obj
LOAD CMakeFiles/tinyusb_dev_hid_composite.dir/home/kang/tmp/pico/pico-sdk/src/common/pico_time/timeout_helper.c.obj
LOAD CMakeFiles/tinyusb_dev_hid_composite.dir/home/kang/tmp/pico/pico-sdk/src/rp2_common/hardware_timer/timer.c.obj
LOAD CMakeFiles/tinyusb_dev_hid_composite.dir/home/kang/tmp/pico/pico-sdk/src/common/pico_sync/sem.c.obj
LOAD CMakeFiles/tinyusb_dev_hid_composite.dir/home/kang/tmp/pico/pico-sdk/src/common/pico_sync/lock_core.c.obj
LOAD CMakeFiles/tinyusb_dev_hid_composite.dir/home/kang/tmp/pico/pico-sdk/src/common/pico_sync/mutex.c.obj
LOAD CMakeFiles/tinyusb_dev_hid_composite.dir/home/kang/tmp/pico/pico-sdk/src/common/pico_sync/critical_section.c.obj
LOAD CMakeFiles/tinyusb_dev_hid_composite.dir/home/kang/tmp/pico/pico-sdk/src/common/pico_util/datetime.c.obj
LOAD CMakeFiles/tinyusb_dev_hid_composite.dir/home/kang/tmp/pico/pico-sdk/src/common/pico_util/pheap.c.obj
LOAD CMakeFiles/tinyusb_dev_hid_composite.dir/home/kang/tmp/pico/pico-sdk/src/common/pico_util/queue.c.obj
LOAD CMakeFiles/tinyusb_dev_hid_composite.dir/home/kang/tmp/pico/pico-sdk/src/rp2_common/pico_runtime/runtime.c.obj
LOAD CMakeFiles/tinyusb_dev_hid_composite.dir/home/kang/tmp/pico/pico-sdk/src/rp2_common/hardware_clocks/clocks.c.obj
LOAD CMakeFiles/tinyusb_dev_hid_composite.dir/home/kang/tmp/pico/pico-sdk/src/rp2_common/hardware_irq/irq.c.obj
LOAD CMakeFiles/tinyusb_dev_hid_composite.dir/home/kang/tmp/pico/pico-sdk/src/rp2_common/hardware_irq/irq_handler_chain.S.obj
LOAD CMakeFiles/tinyusb_dev_hid_composite.dir/home/kang/tmp/pico/pico-sdk/src/rp2_common/hardware_pll/pll.c.obj
LOAD CMakeFiles/tinyusb_dev_hid_composite.dir/home/kang/tmp/pico/pico-sdk/src/rp2_common/hardware_vreg/vreg.c.obj
LOAD CMakeFiles/tinyusb_dev_hid_composite.dir/home/kang/tmp/pico/pico-sdk/src/rp2_common/hardware_watchdog/watchdog.c.obj
LOAD CMakeFiles/tinyusb_dev_hid_composite.dir/home/kang/tmp/pico/pico-sdk/src/rp2_common/hardware_xosc/xosc.c.obj
LOAD CMakeFiles/tinyusb_dev_hid_composite.dir/home/kang/tmp/pico/pico-sdk/src/rp2_common/pico_printf/printf.c.obj
LOAD CMakeFiles/tinyusb_dev_hid_composite.dir/home/kang/tmp/pico/pico-sdk/src/rp2_common/pico_bit_ops/bit_ops_aeabi.S.obj
LOAD CMakeFiles/tinyusb_dev_hid_composite.dir/home/kang/tmp/pico/pico-sdk/src/rp2_common/pico_bootrom/bootrom.c.obj
LOAD CMakeFiles/tinyusb_dev_hid_composite.dir/home/kang/tmp/pico/pico-sdk/src/rp2_common/pico_divider/divider.S.obj
LOAD CMakeFiles/tinyusb_dev_hid_composite.dir/home/kang/tmp/pico/pico-sdk/src/rp2_common/pico_double/double_aeabi.S.obj
LOAD CMakeFiles/tinyusb_dev_hid_composite.dir/home/kang/tmp/pico/pico-sdk/src/rp2_common/pico_double/double_init_rom.c.obj
LOAD CMakeFiles/tinyusb_dev_hid_composite.dir/home/kang/tmp/pico/pico-sdk/src/rp2_common/pico_double/double_math.c.obj
LOAD CMakeFiles/tinyusb_dev_hid_composite.dir/home/kang/tmp/pico/pico-sdk/src/rp2_common/pico_double/double_v1_rom_shim.S.obj
LOAD CMakeFiles/tinyusb_dev_hid_composite.dir/home/kang/tmp/pico/pico-sdk/src/rp2_common/pico_int64_ops/pico_int64_ops_aeabi.S.obj
LOAD CMakeFiles/tinyusb_dev_hid_composite.dir/home/kang/tmp/pico/pico-sdk/src/rp2_common/pico_float/float_aeabi.S.obj
LOAD CMakeFiles/tinyusb_dev_hid_composite.dir/home/kang/tmp/pico/pico-sdk/src/rp2_common/pico_float/float_init_rom.c.obj
LOAD CMakeFiles/tinyusb_dev_hid_composite.dir/home/kang/tmp/pico/pico-sdk/src/rp2_common/pico_float/float_math.c.obj
LOAD CMakeFiles/tinyusb_dev_hid_composite.dir/home/kang/tmp/pico/pico-sdk/src/rp2_common/pico_float/float_v1_rom_shim.S.obj
LOAD CMakeFiles/tinyusb_dev_hid_composite.dir/home/kang/tmp/pico/pico-sdk/src/rp2_common/pico_malloc/pico_malloc.c.obj
LOAD CMakeFiles/tinyusb_dev_hid_composite.dir/home/kang/tmp/pico/pico-sdk/src/rp2_common/pico_mem_ops/mem_ops_aeabi.S.obj
LOAD CMakeFiles/tinyusb_dev_hid_composite.dir/home/kang/tmp/pico/pico-sdk/src/rp2_common/pico_standard_link/crt0.S.obj
LOAD CMakeFiles/tinyusb_dev_hid_composite.dir/home/kang/tmp/pico/pico-sdk/src/rp2_common/pico_standard_link/new_delete.cpp.obj
LOAD CMakeFiles/tinyusb_dev_hid_composite.dir/home/kang/tmp/pico/pico-sdk/src/rp2_common/pico_standard_link/binary_info.c.obj
LOAD CMakeFiles/tinyusb_dev_hid_composite.dir/home/kang/tmp/pico/pico-sdk/src/rp2_common/pico_stdio/stdio.c.obj
LOAD CMakeFiles/tinyusb_dev_hid_composite.dir/home/kang/tmp/pico/pico-sdk/src/rp2_common/pico_stdio_uart/stdio_uart.c.obj
LOAD CMakeFiles/tinyusb_dev_hid_composite.dir/home/kang/tmp/pico/pico-sdk/src/rp2_common/pico_bootsel_via_double_reset/pico_bootsel_via_double_reset.c.obj
LOAD CMakeFiles/tinyusb_dev_hid_composite.dir/home/kang/tmp/pico/pico-sdk/lib/tinyusb/hw/bsp/rp2040/family.c.obj
LOAD CMakeFiles/tinyusb_dev_hid_composite.dir/home/kang/tmp/pico/pico-sdk/lib/tinyusb/src/portable/raspberrypi/rp2040/dcd_rp2040.c.obj
LOAD CMakeFiles/tinyusb_dev_hid_composite.dir/home/kang/tmp/pico/pico-sdk/lib/tinyusb/src/portable/raspberrypi/rp2040/rp2040_usb.c.obj
LOAD CMakeFiles/tinyusb_dev_hid_composite.dir/home/kang/tmp/pico/pico-sdk/lib/tinyusb/src/device/usbd.c.obj
LOAD CMakeFiles/tinyusb_dev_hid_composite.dir/home/kang/tmp/pico/pico-sdk/lib/tinyusb/src/device/usbd_control.c.obj
LOAD CMakeFiles/tinyusb_dev_hid_composite.dir/home/kang/tmp/pico/pico-sdk/lib/tinyusb/src/class/audio/audio_device.c.obj
LOAD CMakeFiles/tinyusb_dev_hid_composite.dir/home/kang/tmp/pico/pico-sdk/lib/tinyusb/src/class/cdc/cdc_device.c.obj
LOAD CMakeFiles/tinyusb_dev_hid_composite.dir/home/kang/tmp/pico/pico-sdk/lib/tinyusb/src/class/dfu/dfu_device.c.obj
LOAD CMakeFiles/tinyusb_dev_hid_composite.dir/home/kang/tmp/pico/pico-sdk/lib/tinyusb/src/class/dfu/dfu_rt_device.c.obj
LOAD CMakeFiles/tinyusb_dev_hid_composite.dir/home/kang/tmp/pico/pico-sdk/lib/tinyusb/src/class/hid/hid_device.c.obj
LOAD CMakeFiles/tinyusb_dev_hid_composite.dir/home/kang/tmp/pico/pico-sdk/lib/tinyusb/src/class/midi/midi_device.c.obj
LOAD CMakeFiles/tinyusb_dev_hid_composite.dir/home/kang/tmp/pico/pico-sdk/lib/tinyusb/src/class/msc/msc_device.c.obj
LOAD CMakeFiles/tinyusb_dev_hid_composite.dir/home/kang/tmp/pico/pico-sdk/lib/tinyusb/src/class/net/net_device.c.obj
LOAD CMakeFiles/tinyusb_dev_hid_composite.dir/home/kang/tmp/pico/pico-sdk/lib/tinyusb/src/class/usbtmc/usbtmc_device.c.obj
LOAD CMakeFiles/tinyusb_dev_hid_composite.dir/home/kang/tmp/pico/pico-sdk/lib/tinyusb/src/class/vendor/vendor_device.c.obj
LOAD CMakeFiles/tinyusb_dev_hid_composite.dir/home/kang/tmp/pico/pico-sdk/lib/tinyusb/src/tusb.c.obj
LOAD CMakeFiles/tinyusb_dev_hid_composite.dir/home/kang/tmp/pico/pico-sdk/lib/tinyusb/src/common/tusb_fifo.c.obj
LOAD CMakeFiles/tinyusb_dev_hid_composite.dir/home/kang/tmp/pico/pico-sdk/src/rp2_common/hardware_spi/spi.c.obj
LOAD CMakeFiles/tinyusb_dev_hid_composite.dir/home/kang/tmp/pico/pico-sdk/src/rp2_common/pico_fix/rp2040_usb_device_enumeration/rp2040_usb_device_enumeration.c.obj
LOAD /tmp/ccdEgK8I.o
LOAD /usr/lib/gcc/arm-none-eabi/9.2.1/../../../arm-none-eabi/lib/thumb/v6-m/nofp/libstdc++.a
LOAD /usr/lib/gcc/arm-none-eabi/9.2.1/../../../arm-none-eabi/lib/thumb/v6-m/nofp/libm.a
START GROUP
LOAD /usr/lib/gcc/arm-none-eabi/9.2.1/thumb/v6-m/nofp/libgcc.a
LOAD /usr/lib/gcc/arm-none-eabi/9.2.1/../../../arm-none-eabi/lib/thumb/v6-m/nofp/libc.a
END GROUP
START GROUP
LOAD /usr/lib/gcc/arm-none-eabi/9.2.1/thumb/v6-m/nofp/libgcc.a
LOAD /usr/lib/gcc/arm-none-eabi/9.2.1/../../../arm-none-eabi/lib/thumb/v6-m/nofp/libc.a
LOAD /usr/lib/gcc/arm-none-eabi/9.2.1/../../../arm-none-eabi/lib/thumb/v6-m/nofp/libnosys.a
END GROUP
LOAD /usr/lib/gcc/arm-none-eabi/9.2.1/thumb/v6-m/nofp/crtend.o
LOAD /usr/lib/gcc/arm-none-eabi/9.2.1/thumb/v6-m/nofp/crtn.o
OUTPUT(tinyusb_dev_hid_composite.elf elf32-littlearm)
LOAD linker stubs

.ARM.attributes
                0x0000000000000000       0x28
 .ARM.attributes
                0x0000000000000000       0x1e /usr/lib/gcc/arm-none-eabi/9.2.1/thumb/v6-m/nofp/crti.o
 .ARM.attributes
                0x000000000000001e       0x2c /usr/lib/gcc/arm-none-eabi/9.2.1/thumb/v6-m/nofp/crtbegin.o
 .ARM.attributes
                0x000000000000004a       0x2c CMakeFiles/tinyusb_dev_hid_composite.dir/src/main.c.obj
 .ARM.attributes
                0x0000000000000076       0x2c CMakeFiles/tinyusb_dev_hid_composite.dir/home/kang/tmp/pico/pico-sdk/src/rp2_common/hardware_gpio/gpio.c.obj
 .ARM.attributes
                0x00000000000000a2       0x2c CMakeFiles/tinyusb_dev_hid_composite.dir/home/kang/tmp/pico/pico-sdk/src/rp2_common/hardware_claim/claim.c.obj
 .ARM.attributes
                0x00000000000000ce       0x2c CMakeFiles/tinyusb_dev_hid_composite.dir/home/kang/tmp/pico/pico-sdk/src/rp2_common/pico_platform/platform.c.obj
 .ARM.attributes
                0x00000000000000fa       0x2c CMakeFiles/tinyusb_dev_hid_composite.dir/home/kang/tmp/pico/pico-sdk/src/rp2_common/hardware_sync/sync.c.obj
 .ARM.attributes
                0x0000000000000126       0x2c CMakeFiles/tinyusb_dev_hid_composite.dir/home/kang/tmp/pico/pico-sdk/src/rp2_common/hardware_uart/uart.c.obj
 .ARM.attributes
                0x0000000000000152       0x2c CMakeFiles/tinyusb_dev_hid_composite.dir/home/kang/tmp/pico/pico-sdk/src/common/pico_time/time.c.obj
 .ARM.attributes
                0x000000000000017e       0x2c CMakeFiles/tinyusb_dev_hid_composite.dir/home/kang/tmp/pico/pico-sdk/src/rp2_common/hardware_timer/timer.c.obj
 .ARM.attributes
                0x00000000000001aa       0x2c CMakeFiles/tinyusb_dev_hid_composite.dir/home/kang/tmp/pico/pico-sdk/src/common/pico_sync/lock_core.c.obj
 .ARM.attributes
                0x00000000000001d6       0x2c CMakeFiles/tinyusb_dev_hid_composite.dir/home/kang/tmp/pico/pico-sdk/src/common/pico_sync/mutex.c.obj
 .ARM.attributes
                0x0000000000000202       0x2c CMakeFiles/tinyusb_dev_hid_composite.dir/home/kang/tmp/pico/pico-sdk/src/common/pico_sync/critical_section.c.obj
 .ARM.attributes
                0x000000000000022e       0x2c CMakeFiles/tinyusb_dev_hid_composite.dir/home/kang/tmp/pico/pico-sdk/src/common/pico_util/pheap.c.obj
 .ARM.attributes
                0x000000000000025a       0x2c CMakeFiles/tinyusb_dev_hid_composite.dir/home/kang/tmp/pico/pico-sdk/src/rp2_common/pico_runtime/runtime.c.obj
 .ARM.attributes
                0x0000000000000286       0x2c CMakeFiles/tinyusb_dev_hid_composite.dir/home/kang/tmp/pico/pico-sdk/src/rp2_common/hardware_clocks/clocks.c.obj
 .ARM.attributes
                0x00000000000002b2       0x2c CMakeFiles/tinyusb_dev_hid_composite.dir/home/kang/tmp/pico/pico-sdk/src/rp2_common/hardware_irq/irq.c.obj
 .ARM.attributes
                0x00000000000002de       0x22 CMakeFiles/tinyusb_dev_hid_composite.dir/home/kang/tmp/pico/pico-sdk/src/rp2_common/hardware_irq/irq_handler_chain.S.obj
 .ARM.attributes
                0x0000000000000300       0x2c CMakeFiles/tinyusb_dev_hid_composite.dir/home/kang/tmp/pico/pico-sdk/src/rp2_common/hardware_pll/pll.c.obj
 .ARM.attributes
                0x000000000000032c       0x2c CMakeFiles/tinyusb_dev_hid_composite.dir/home/kang/tmp/pico/pico-sdk/src/rp2_common/hardware_watchdog/watchdog.c.obj
 .ARM.attributes
                0x0000000000000358       0x2c CMakeFiles/tinyusb_dev_hid_composite.dir/home/kang/tmp/pico/pico-sdk/src/rp2_common/hardware_xosc/xosc.c.obj
 .ARM.attributes
                0x0000000000000384       0x2c CMakeFiles/tinyusb_dev_hid_composite.dir/home/kang/tmp/pico/pico-sdk/src/rp2_common/pico_printf/printf.c.obj
 .ARM.attributes
                0x00000000000003b0       0x22 CMakeFiles/tinyusb_dev_hid_composite.dir/home/kang/tmp/pico/pico-sdk/src/rp2_common/pico_bit_ops/bit_ops_aeabi.S.obj
 .ARM.attributes
                0x00000000000003d2       0x2c CMakeFiles/tinyusb_dev_hid_composite.dir/home/kang/tmp/pico/pico-sdk/src/rp2_common/pico_bootrom/bootrom.c.obj
 .ARM.attributes
                0x00000000000003fe       0x22 CMakeFiles/tinyusb_dev_hid_composite.dir/home/kang/tmp/pico/pico-sdk/src/rp2_common/pico_divider/divider.S.obj
 .ARM.attributes
                0x0000000000000420       0x22 CMakeFiles/tinyusb_dev_hid_composite.dir/home/kang/tmp/pico/pico-sdk/src/rp2_common/pico_double/double_aeabi.S.obj
 .ARM.attributes
                0x0000000000000442       0x2c CMakeFiles/tinyusb_dev_hid_composite.dir/home/kang/tmp/pico/pico-sdk/src/rp2_common/pico_double/double_init_rom.c.obj
 .ARM.attributes
                0x000000000000046e       0x22 CMakeFiles/tinyusb_dev_hid_composite.dir/home/kang/tmp/pico/pico-sdk/src/rp2_common/pico_double/double_v1_rom_shim.S.obj
 .ARM.attributes
                0x0000000000000490       0x22 CMakeFiles/tinyusb_dev_hid_composite.dir/home/kang/tmp/pico/pico-sdk/src/rp2_common/pico_int64_ops/pico_int64_ops_aeabi.S.obj
 .ARM.attributes
                0x00000000000004b2       0x22 CMakeFiles/tinyusb_dev_hid_composite.dir/home/kang/tmp/pico/pico-sdk/src/rp2_common/pico_float/float_aeabi.S.obj
 .ARM.attributes
                0x00000000000004d4       0x2c CMakeFiles/tinyusb_dev_hid_composite.dir/home/kang/tmp/pico/pico-sdk/src/rp2_common/pico_float/float_init_rom.c.obj
 .ARM.attributes
                0x0000000000000500       0x22 CMakeFiles/tinyusb_dev_hid_composite.dir/home/kang/tmp/pico/pico-sdk/src/rp2_common/pico_float/float_v1_rom_shim.S.obj
 .ARM.attributes
                0x0000000000000522       0x22 CMakeFiles/tinyusb_dev_hid_composite.dir/home/kang/tmp/pico/pico-sdk/src/rp2_common/pico_mem_ops/mem_ops_aeabi.S.obj
 .ARM.attributes
                0x0000000000000544       0x22 CMakeFiles/tinyusb_dev_hid_composite.dir/home/kang/tmp/pico/pico-sdk/src/rp2_common/pico_standard_link/crt0.S.obj
 .ARM.attributes
                0x0000000000000566       0x32 CMakeFiles/tinyusb_dev_hid_composite.dir/home/kang/tmp/pico/pico-sdk/src/rp2_common/pico_standard_link/binary_info.c.obj
 .ARM.attributes
                0x0000000000000598       0x2c CMakeFiles/tinyusb_dev_hid_composite.dir/home/kang/tmp/pico/pico-sdk/src/rp2_common/pico_stdio/stdio.c.obj
 .ARM.attributes
                0x00000000000005c4       0x2c CMakeFiles/tinyusb_dev_hid_composite.dir/home/kang/tmp/pico/pico-sdk/src/rp2_common/pico_stdio_uart/stdio_uart.c.obj
 .ARM.attributes
                0x00000000000005f0       0x2c CMakeFiles/tinyusb_dev_hid_composite.dir/home/kang/tmp/pico/pico-sdk/src/rp2_common/pico_bootsel_via_double_reset/pico_bootsel_via_double_reset.c.obj
 .ARM.attributes
                0x000000000000061c       0x2c CMakeFiles/tinyusb_dev_hid_composite.dir/home/kang/tmp/pico/pico-sdk/lib/tinyusb/hw/bsp/rp2040/family.c.obj
 .ARM.attributes
                0x0000000000000648       0x2c CMakeFiles/tinyusb_dev_hid_composite.dir/home/kang/tmp/pico/pico-sdk/lib/tinyusb/src/portable/raspberrypi/rp2040/dcd_rp2040.c.obj
 .ARM.attributes
                0x0000000000000674       0x2c CMakeFiles/tinyusb_dev_hid_composite.dir/home/kang/tmp/pico/pico-sdk/lib/tinyusb/src/portable/raspberrypi/rp2040/rp2040_usb.c.obj
 .ARM.attributes
                0x00000000000006a0       0x2c CMakeFiles/tinyusb_dev_hid_composite.dir/home/kang/tmp/pico/pico-sdk/lib/tinyusb/src/device/usbd.c.obj
 .ARM.attributes
                0x00000000000006cc       0x2c CMakeFiles/tinyusb_dev_hid_composite.dir/home/kang/tmp/pico/pico-sdk/lib/tinyusb/src/class/hid/hid_device.c.obj
 .ARM.attributes
                0x00000000000006f8       0x2c CMakeFiles/tinyusb_dev_hid_composite.dir/home/kang/tmp/pico/pico-sdk/lib/tinyusb/src/tusb.c.obj
 .ARM.attributes
                0x0000000000000724       0x2c CMakeFiles/tinyusb_dev_hid_composite.dir/home/kang/tmp/pico/pico-sdk/lib/tinyusb/src/common/tusb_fifo.c.obj
 .ARM.attributes
                0x0000000000000750       0x2c CMakeFiles/tinyusb_dev_hid_composite.dir/home/kang/tmp/pico/pico-sdk/src/rp2_common/hardware_spi/spi.c.obj
 .ARM.attributes
                0x000000000000077c       0x2c CMakeFiles/tinyusb_dev_hid_composite.dir/home/kang/tmp/pico/pico-sdk/src/rp2_common/pico_fix/rp2040_usb_device_enumeration/rp2040_usb_device_enumeration.c.obj
 .ARM.attributes
                0x00000000000007a8       0x22 /tmp/ccdEgK8I.o
 .ARM.attributes
                0x00000000000007ca       0x1e /usr/lib/gcc/arm-none-eabi/9.2.1/thumb/v6-m/nofp/libgcc.a(_dvmd_tls.o)
 .ARM.attributes
                0x00000000000007e8       0x2c /usr/lib/gcc/arm-none-eabi/9.2.1/../../../arm-none-eabi/lib/thumb/v6-m/nofp/libc.a(lib_a-strlen-stub.o)
 .ARM.attributes
                0x0000000000000814       0x2c /usr/lib/gcc/arm-none-eabi/9.2.1/thumb/v6-m/nofp/crtend.o

.comment        0x0000000000000000       0xa7
 .comment       0x0000000000000000       0x59 /usr/lib/gcc/arm-none-eabi/9.2.1/thumb/v6-m/nofp/crtbegin.o
                                         0x5a (size before relaxing)
 .comment       0x0000000000000059       0x5a CMakeFiles/tinyusb_dev_hid_composite.dir/src/main.c.obj
 .comment       0x0000000000000059       0x5a CMakeFiles/tinyusb_dev_hid_composite.dir/home/kang/tmp/pico/pico-sdk/src/rp2_common/hardware_gpio/gpio.c.obj
 .comment       0x0000000000000059       0x5a CMakeFiles/tinyusb_dev_hid_composite.dir/home/kang/tmp/pico/pico-sdk/src/rp2_common/hardware_claim/claim.c.obj
 .comment       0x0000000000000059       0x5a CMakeFiles/tinyusb_dev_hid_composite.dir/home/kang/tmp/pico/pico-sdk/src/rp2_common/pico_platform/platform.c.obj
 .comment       0x0000000000000059       0x5a CMakeFiles/tinyusb_dev_hid_composite.dir/home/kang/tmp/pico/pico-sdk/src/rp2_common/hardware_sync/sync.c.obj
 .comment       0x0000000000000059       0x5a CMakeFiles/tinyusb_dev_hid_composite.dir/home/kang/tmp/pico/pico-sdk/src/rp2_common/hardware_uart/uart.c.obj
 .comment       0x0000000000000059       0x5a CMakeFiles/tinyusb_dev_hid_composite.dir/home/kang/tmp/pico/pico-sdk/src/common/pico_time/time.c.obj
 .comment       0x0000000000000059       0x5a CMakeFiles/tinyusb_dev_hid_composite.dir/home/kang/tmp/pico/pico-sdk/src/rp2_common/hardware_timer/timer.c.obj
 .comment       0x0000000000000059       0x5a CMakeFiles/tinyusb_dev_hid_composite.dir/home/kang/tmp/pico/pico-sdk/src/common/pico_sync/lock_core.c.obj
 .comment       0x0000000000000059       0x5a CMakeFiles/tinyusb_dev_hid_composite.dir/home/kang/tmp/pico/pico-sdk/src/common/pico_sync/mutex.c.obj
 .comment       0x0000000000000059       0x5a CMakeFiles/tinyusb_dev_hid_composite.dir/home/kang/tmp/pico/pico-sdk/src/common/pico_sync/critical_section.c.obj
 .comment       0x0000000000000059       0x5a CMakeFiles/tinyusb_dev_hid_composite.dir/home/kang/tmp/pico/pico-sdk/src/common/pico_util/pheap.c.obj
 .comment       0x0000000000000059       0x5a CMakeFiles/tinyusb_dev_hid_composite.dir/home/kang/tmp/pico/pico-sdk/src/rp2_common/pico_runtime/runtime.c.obj
 .comment       0x0000000000000059       0x5a CMakeFiles/tinyusb_dev_hid_composite.dir/home/kang/tmp/pico/pico-sdk/src/rp2_common/hardware_clocks/clocks.c.obj
 .comment       0x0000000000000059       0x5a CMakeFiles/tinyusb_dev_hid_composite.dir/home/kang/tmp/pico/pico-sdk/src/rp2_common/hardware_irq/irq.c.obj
 .comment       0x0000000000000059       0x5a CMakeFiles/tinyusb_dev_hid_composite.dir/home/kang/tmp/pico/pico-sdk/src/rp2_common/hardware_pll/pll.c.obj
 .comment       0x0000000000000059       0x5a CMakeFiles/tinyusb_dev_hid_composite.dir/home/kang/tmp/pico/pico-sdk/src/rp2_common/hardware_watchdog/watchdog.c.obj
 .comment       0x0000000000000059       0x5a CMakeFiles/tinyusb_dev_hid_composite.dir/home/kang/tmp/pico/pico-sdk/src/rp2_common/hardware_xosc/xosc.c.obj
 .comment       0x0000000000000059       0x5a CMakeFiles/tinyusb_dev_hid_composite.dir/home/kang/tmp/pico/pico-sdk/src/rp2_common/pico_printf/printf.c.obj
 .comment       0x0000000000000059       0x5a CMakeFiles/tinyusb_dev_hid_composite.dir/home/kang/tmp/pico/pico-sdk/src/rp2_common/pico_bootrom/bootrom.c.obj
 .comment       0x0000000000000059       0x5a CMakeFiles/tinyusb_dev_hid_composite.dir/home/kang/tmp/pico/pico-sdk/src/rp2_common/pico_double/double_init_rom.c.obj
 .comment       0x0000000000000059       0x5a CMakeFiles/tinyusb_dev_hid_composite.dir/home/kang/tmp/pico/pico-sdk/src/rp2_common/pico_float/float_init_rom.c.obj
 .comment       0x0000000000000059       0x5a CMakeFiles/tinyusb_dev_hid_composite.dir/home/kang/tmp/pico/pico-sdk/src/rp2_common/pico_standard_link/binary_info.c.obj
 .comment       0x0000000000000059       0x5a CMakeFiles/tinyusb_dev_hid_composite.dir/home/kang/tmp/pico/pico-sdk/src/rp2_common/pico_stdio/stdio.c.obj
 .comment       0x0000000000000059       0x5a CMakeFiles/tinyusb_dev_hid_composite.dir/home/kang/tmp/pico/pico-sdk/src/rp2_common/pico_stdio_uart/stdio_uart.c.obj
 .comment       0x0000000000000059       0x5a CMakeFiles/tinyusb_dev_hid_composite.dir/home/kang/tmp/pico/pico-sdk/src/rp2_common/pico_bootsel_via_double_reset/pico_bootsel_via_double_reset.c.obj
 .comment       0x0000000000000059       0x5a CMakeFiles/tinyusb_dev_hid_composite.dir/home/kang/tmp/pico/pico-sdk/lib/tinyusb/hw/bsp/rp2040/family.c.obj
 .comment       0x0000000000000059       0x5a CMakeFiles/tinyusb_dev_hid_composite.dir/home/kang/tmp/pico/pico-sdk/lib/tinyusb/src/portable/raspberrypi/rp2040/dcd_rp2040.c.obj
 .comment       0x0000000000000059       0x5a CMakeFiles/tinyusb_dev_hid_composite.dir/home/kang/tmp/pico/pico-sdk/lib/tinyusb/src/portable/raspberrypi/rp2040/rp2040_usb.c.obj
 .comment       0x0000000000000059       0x5a CMakeFiles/tinyusb_dev_hid_composite.dir/home/kang/tmp/pico/pico-sdk/lib/tinyusb/src/device/usbd.c.obj
 .comment       0x0000000000000059       0x5a CMakeFiles/tinyusb_dev_hid_composite.dir/home/kang/tmp/pico/pico-sdk/lib/tinyusb/src/class/hid/hid_device.c.obj
 .comment       0x0000000000000059       0x5a CMakeFiles/tinyusb_dev_hid_composite.dir/home/kang/tmp/pico/pico-sdk/lib/tinyusb/src/tusb.c.obj
 .comment       0x0000000000000059       0x5a CMakeFiles/tinyusb_dev_hid_composite.dir/home/kang/tmp/pico/pico-sdk/lib/tinyusb/src/common/tusb_fifo.c.obj
 .comment       0x0000000000000059       0x5a CMakeFiles/tinyusb_dev_hid_composite.dir/home/kang/tmp/pico/pico-sdk/src/rp2_common/hardware_spi/spi.c.obj
 .comment       0x0000000000000059       0x5a CMakeFiles/tinyusb_dev_hid_composite.dir/home/kang/tmp/pico/pico-sdk/src/rp2_common/pico_fix/rp2040_usb_device_enumeration/rp2040_usb_device_enumeration.c.obj
 .comment       0x0000000000000059       0x4e /usr/lib/gcc/arm-none-eabi/9.2.1/../../../arm-none-eabi/lib/thumb/v6-m/nofp/libc.a(lib_a-strlen-stub.o)
                                         0x4f (size before relaxing)
 .comment       0x00000000000000a7       0x5a /usr/lib/gcc/arm-none-eabi/9.2.1/thumb/v6-m/nofp/crtend.o

.debug_line     0x0000000000000000      0x222
 .debug_line    0x0000000000000000       0x60 /usr/lib/gcc/arm-none-eabi/9.2.1/thumb/v6-m/nofp/libgcc.a(_dvmd_tls.o)
 .debug_line    0x0000000000000060      0x1c2 /usr/lib/gcc/arm-none-eabi/9.2.1/../../../arm-none-eabi/lib/thumb/v6-m/nofp/libc.a(lib_a-strlen-stub.o)

.debug_info     0x0000000000000000      0x999
 .debug_info    0x0000000000000000       0x26 /usr/lib/gcc/arm-none-eabi/9.2.1/thumb/v6-m/nofp/libgcc.a(_dvmd_tls.o)
 .debug_info    0x0000000000000026      0x973 /usr/lib/gcc/arm-none-eabi/9.2.1/../../../arm-none-eabi/lib/thumb/v6-m/nofp/libc.a(lib_a-strlen-stub.o)

.debug_abbrev   0x0000000000000000      0x1fc
 .debug_abbrev  0x0000000000000000       0x14 /usr/lib/gcc/arm-none-eabi/9.2.1/thumb/v6-m/nofp/libgcc.a(_dvmd_tls.o)
 .debug_abbrev  0x0000000000000014      0x1e8 /usr/lib/gcc/arm-none-eabi/9.2.1/../../../arm-none-eabi/lib/thumb/v6-m/nofp/libc.a(lib_a-strlen-stub.o)

.debug_aranges  0x0000000000000000       0x40
 .debug_aranges
                0x0000000000000000       0x20 /usr/lib/gcc/arm-none-eabi/9.2.1/thumb/v6-m/nofp/libgcc.a(_dvmd_tls.o)
 .debug_aranges
                0x0000000000000020       0x20 /usr/lib/gcc/arm-none-eabi/9.2.1/../../../arm-none-eabi/lib/thumb/v6-m/nofp/libc.a(lib_a-strlen-stub.o)

.debug_str      0x0000000000000000      0x613
 .debug_str     0x0000000000000000       0xa3 /usr/lib/gcc/arm-none-eabi/9.2.1/thumb/v6-m/nofp/libgcc.a(_dvmd_tls.o)
 .debug_str     0x00000000000000a3      0x570 /usr/lib/gcc/arm-none-eabi/9.2.1/../../../arm-none-eabi/lib/thumb/v6-m/nofp/libc.a(lib_a-strlen-stub.o)
                                        0x5c2 (size before relaxing)

.debug_loc      0x0000000000000000       0xa3
 .debug_loc     0x0000000000000000       0xa3 /usr/lib/gcc/arm-none-eabi/9.2.1/../../../arm-none-eabi/lib/thumb/v6-m/nofp/libc.a(lib_a-strlen-stub.o)

.debug_frame    0x0000000000000000       0x28
 .debug_frame   0x0000000000000000       0x28 /usr/lib/gcc/arm-none-eabi/9.2.1/../../../arm-none-eabi/lib/thumb/v6-m/nofp/libc.a(lib_a-strlen-stub.o)
